###############################################################################
#
# IAR ELF Linker V7.30.4.8167/W32 for ARM                 05/Jan/2018  11:00:19
# Copyright 2007-2014 IAR Systems AB.
#
#    Output file  =  
#        E:\workplace\gitYonpon_Project\youpon_project\Projects\MW3xx\demo\EWARM\MK3031\Exe\COM.MXCHIP.BASIC.out
#    Map file     =  
#        E:\workplace\gitYonpon_Project\youpon_project\Projects\MW3xx\demo\EWARM\MK3031\List\COM.MXCHIP.BASIC.map
#    Command line =  
#        E:\workplace\gitYonpon_Project\youpon_project\Projects\MW3xx\demo\EWARM\MK3031\Obj\AESUtils.o
#        E:\workplace\gitYonpon_Project\youpon_project\Projects\MW3xx\demo\EWARM\MK3031\Obj\airkiss_discovery.o
#        E:\workplace\gitYonpon_Project\youpon_project\Projects\MW3xx\demo\EWARM\MK3031\Obj\appmainmsgqueue.o
#        E:\workplace\gitYonpon_Project\youpon_project\Projects\MW3xx\demo\EWARM\MK3031\Obj\arraylist.o
#        E:\workplace\gitYonpon_Project\youpon_project\Projects\MW3xx\demo\EWARM\MK3031\Obj\AsciiLib.o
#        E:\workplace\gitYonpon_Project\youpon_project\Projects\MW3xx\demo\EWARM\MK3031\Obj\base64.o
#        E:\workplace\gitYonpon_Project\youpon_project\Projects\MW3xx\demo\EWARM\MK3031\Obj\button.o
#        E:\workplace\gitYonpon_Project\youpon_project\Projects\MW3xx\demo\EWARM\MK3031\Obj\CheckSumUtils.o
#        E:\workplace\gitYonpon_Project\youpon_project\Projects\MW3xx\demo\EWARM\MK3031\Obj\cJSON.o
#        E:\workplace\gitYonpon_Project\youpon_project\Projects\MW3xx\demo\EWARM\MK3031\Obj\config_server.o
#        E:\workplace\gitYonpon_Project\youpon_project\Projects\MW3xx\demo\EWARM\MK3031\Obj\config_server_menu.o
#        E:\workplace\gitYonpon_Project\youpon_project\Projects\MW3xx\demo\EWARM\MK3031\Obj\devicemanager.o
#        E:\workplace\gitYonpon_Project\youpon_project\Projects\MW3xx\demo\EWARM\MK3031\Obj\hsb2rgb_led.o
#        E:\workplace\gitYonpon_Project\youpon_project\Projects\MW3xx\demo\EWARM\MK3031\Obj\http-strings.o
#        E:\workplace\gitYonpon_Project\youpon_project\Projects\MW3xx\demo\EWARM\MK3031\Obj\http_parse.o
#        E:\workplace\gitYonpon_Project\youpon_project\Projects\MW3xx\demo\EWARM\MK3031\Obj\httpd.o
#        E:\workplace\gitYonpon_Project\youpon_project\Projects\MW3xx\demo\EWARM\MK3031\Obj\httpd_handle.o
#        E:\workplace\gitYonpon_Project\youpon_project\Projects\MW3xx\demo\EWARM\MK3031\Obj\httpd_ssi.o
#        E:\workplace\gitYonpon_Project\youpon_project\Projects\MW3xx\demo\EWARM\MK3031\Obj\httpd_sys.o
#        E:\workplace\gitYonpon_Project\youpon_project\Projects\MW3xx\demo\EWARM\MK3031\Obj\httpd_wsgi.o
#        E:\workplace\gitYonpon_Project\youpon_project\Projects\MW3xx\demo\EWARM\MK3031\Obj\HTTPUtils.o
#        E:\workplace\gitYonpon_Project\youpon_project\Projects\MW3xx\demo\EWARM\MK3031\Obj\json_object.o
#        E:\workplace\gitYonpon_Project\youpon_project\Projects\MW3xx\demo\EWARM\MK3031\Obj\json_tokener.o
#        E:\workplace\gitYonpon_Project\youpon_project\Projects\MW3xx\demo\EWARM\MK3031\Obj\json_util.o
#        E:\workplace\gitYonpon_Project\youpon_project\libraries\daemons\homekit_server\Lib_HomeKit_Server.Cortex-M4F.IAR.release.a
#        E:\workplace\gitYonpon_Project\youpon_project\MiCO\system\easylink\MFi_WAC\Lib_MFi_WAC.Cortex-M4F.IAR.release.a
#        E:\workplace\gitYonpon_Project\youpon_project\MiCO\security\Sodium\Lib_Sodium.IAR.release.a
#        E:\workplace\gitYonpon_Project\youpon_project\MiCO\security\SRP_6a\Lib_SRP6a.IAR.release.a
#        E:\workplace\gitYonpon_Project\youpon_project\demos\application\xlinksrc\Lib_xlink_app_v34700.Cortex-M4.GCC.release.a
#        E:\workplace\gitYonpon_Project\youpon_project\MiCO\system\easylink\airkiss_discovery\lib_airkiss\libairkiss.a
#        E:\workplace\gitYonpon_Project\youpon_project\Projects\MW3xx\demo\EWARM\MK3031\Obj\linkagemanager.o
#        E:\workplace\gitYonpon_Project\youpon_project\Projects\MW3xx\demo\EWARM\MK3031\Obj\linkhash.o
#        E:\workplace\gitYonpon_Project\youpon_project\Projects\MW3xx\demo\EWARM\MK3031\Obj\mico_cli.o
#        E:\workplace\gitYonpon_Project\youpon_project\Projects\MW3xx\demo\EWARM\MK3031\Obj\mico_config.o
#        E:\workplace\gitYonpon_Project\youpon_project\Projects\MW3xx\demo\EWARM\MK3031\Obj\mico_mdns.o
#        E:\workplace\gitYonpon_Project\youpon_project\Projects\MW3xx\demo\EWARM\MK3031\Obj\mico_rtos.o
#        E:\workplace\gitYonpon_Project\youpon_project\Projects\MW3xx\demo\EWARM\MK3031\Obj\mico_rtos_common.o
#        E:\workplace\gitYonpon_Project\youpon_project\Projects\MW3xx\demo\EWARM\MK3031\Obj\mico_socket.o
#        E:\workplace\gitYonpon_Project\youpon_project\Projects\MW3xx\demo\EWARM\MK3031\Obj\mico_ssl.o
#        E:\workplace\gitYonpon_Project\youpon_project\Projects\MW3xx\demo\EWARM\MK3031\Obj\mico_system_init.o
#        E:\workplace\gitYonpon_Project\youpon_project\Projects\MW3xx\demo\EWARM\MK3031\Obj\mico_system_monitor.o
#        E:\workplace\gitYonpon_Project\youpon_project\Projects\MW3xx\demo\EWARM\MK3031\Obj\mico_system_notification.o
#        E:\workplace\gitYonpon_Project\youpon_project\Projects\MW3xx\demo\EWARM\MK3031\Obj\mico_system_para_storage.o
#        E:\workplace\gitYonpon_Project\youpon_project\Projects\MW3xx\demo\EWARM\MK3031\Obj\mico_system_power_daemon.o
#        E:\workplace\gitYonpon_Project\youpon_project\Projects\MW3xx\demo\EWARM\MK3031\Obj\mico_system_time.o
#        E:\workplace\gitYonpon_Project\youpon_project\Projects\MW3xx\demo\EWARM\MK3031\Obj\MICOAppEntrance.o
#        E:\workplace\gitYonpon_Project\youpon_project\Projects\MW3xx\demo\EWARM\MK3031\Obj\MICOBonjour.o
#        E:\workplace\gitYonpon_Project\youpon_project\libraries\drivers\MiCODriverMFiAuth\MiCODriverMFiAuth.a
#        E:\workplace\gitYonpon_Project\youpon_project\Projects\MW3xx\demo\EWARM\MK3031\Obj\MiCOKit_STmems.o
#        E:\workplace\gitYonpon_Project\youpon_project\Projects\MW3xx\demo\EWARM\MK3031\Obj\moc_api.o
#        E:\workplace\gitYonpon_Project\youpon_project\Projects\MW3xx\demo\EWARM\MK3031\Obj\moc_main.o
#        E:\workplace\gitYonpon_Project\youpon_project\Projects\MW3xx\demo\EWARM\MK3031\Obj\moc_platform_common.o
#        E:\workplace\gitYonpon_Project\youpon_project\Projects\MW3xx\demo\EWARM\MK3031\Obj\networkserver.o
#        E:\workplace\gitYonpon_Project\youpon_project\Projects\MW3xx\demo\EWARM\MK3031\Obj\oled.o
#        E:\workplace\gitYonpon_Project\youpon_project\Projects\MW3xx\demo\EWARM\MK3031\Obj\OTAupgrade.o
#        E:\workplace\gitYonpon_Project\youpon_project\Projects\MW3xx\demo\EWARM\MK3031\Obj\panelmanager.o
#        E:\workplace\gitYonpon_Project\youpon_project\Projects\MW3xx\demo\EWARM\MK3031\Obj\platform.o
#        E:\workplace\gitYonpon_Project\youpon_project\Projects\MW3xx\demo\EWARM\MK3031\Obj\platform_core.o
#        E:\workplace\gitYonpon_Project\youpon_project\Projects\MW3xx\demo\EWARM\MK3031\Obj\platform_nsclock.o
#        E:\workplace\gitYonpon_Project\youpon_project\Projects\MW3xx\demo\EWARM\MK3031\Obj\printbuf.o
#        E:\workplace\gitYonpon_Project\youpon_project\Projects\MW3xx\demo\EWARM\MK3031\Obj\qc_test.o
#        E:\workplace\gitYonpon_Project\youpon_project\Projects\MW3xx\demo\EWARM\MK3031\Obj\qc_test_cli.o
#        E:\workplace\gitYonpon_Project\youpon_project\Projects\MW3xx\demo\EWARM\MK3031\Obj\qc_test_gpio.o
#        E:\workplace\gitYonpon_Project\youpon_project\Projects\MW3xx\demo\EWARM\MK3031\Obj\qc_test_tcpip.o
#        E:\workplace\gitYonpon_Project\youpon_project\Projects\MW3xx\demo\EWARM\MK3031\Obj\RemoteTcpClient.o
#        E:\workplace\gitYonpon_Project\youpon_project\Projects\MW3xx\demo\EWARM\MK3031\Obj\Retarget.o
#        E:\workplace\gitYonpon_Project\youpon_project\Projects\MW3xx\demo\EWARM\MK3031\Obj\rgb_led.o
#        E:\workplace\gitYonpon_Project\youpon_project\Projects\MW3xx\demo\EWARM\MK3031\Obj\RingBufferUtils.o
#        E:\workplace\gitYonpon_Project\youpon_project\Projects\MW3xx\demo\EWARM\MK3031\Obj\rs485_comm.o
#        E:\workplace\gitYonpon_Project\youpon_project\Projects\MW3xx\demo\EWARM\MK3031\Obj\rs485_uart.o
#        E:\workplace\gitYonpon_Project\youpon_project\Projects\MW3xx\demo\EWARM\MK3031\Obj\rs485parse.o
#        E:\workplace\gitYonpon_Project\youpon_project\Projects\MW3xx\demo\EWARM\MK3031\Obj\rs485sensorparse.o
#        E:\workplace\gitYonpon_Project\youpon_project\Projects\MW3xx\demo\EWARM\MK3031\Obj\scenemanager.o
#        E:\workplace\gitYonpon_Project\youpon_project\Projects\MW3xx\demo\EWARM\MK3031\Obj\SecurityUtils.o
#        E:\workplace\gitYonpon_Project\youpon_project\Projects\MW3xx\demo\EWARM\MK3031\Obj\sensormanager.o
#        E:\workplace\gitYonpon_Project\youpon_project\Projects\MW3xx\demo\EWARM\MK3031\Obj\SHAUtils.o
#        E:\workplace\gitYonpon_Project\youpon_project\Projects\MW3xx\demo\EWARM\MK3031\Obj\sntp.o
#        E:\workplace\gitYonpon_Project\youpon_project\Projects\MW3xx\demo\EWARM\MK3031\Obj\SocketUtils.o
#        E:\workplace\gitYonpon_Project\youpon_project\Projects\MW3xx\demo\EWARM\MK3031\Obj\SppProtocol.o
#        E:\workplace\gitYonpon_Project\youpon_project\Projects\MW3xx\demo\EWARM\MK3031\Obj\StringUtils.o
#        E:\workplace\gitYonpon_Project\youpon_project\Projects\MW3xx\demo\EWARM\MK3031\Obj\system_discovery.o
#        E:\workplace\gitYonpon_Project\youpon_project\Projects\MW3xx\demo\EWARM\MK3031\Obj\system_easylink.o
#        E:\workplace\gitYonpon_Project\youpon_project\Projects\MW3xx\demo\EWARM\MK3031\Obj\system_easylink_delegate.o
#        E:\workplace\gitYonpon_Project\youpon_project\Projects\MW3xx\demo\EWARM\MK3031\Obj\system_easylink_wac.o
#        E:\workplace\gitYonpon_Project\youpon_project\Projects\MW3xx\demo\EWARM\MK3031\Obj\system_misc.o
#        E:\workplace\gitYonpon_Project\youpon_project\Projects\MW3xx\demo\EWARM\MK3031\Obj\tftp_ota.o
#        E:\workplace\gitYonpon_Project\youpon_project\Projects\MW3xx\demo\EWARM\MK3031\Obj\tftpc.o
#        E:\workplace\gitYonpon_Project\youpon_project\Projects\MW3xx\demo\EWARM\MK3031\Obj\timer_task.o
#        E:\workplace\gitYonpon_Project\youpon_project\Projects\MW3xx\demo\EWARM\MK3031\Obj\timercontrol.o
#        E:\workplace\gitYonpon_Project\youpon_project\Projects\MW3xx\demo\EWARM\MK3031\Obj\timerctrl.o
#        E:\workplace\gitYonpon_Project\youpon_project\Projects\MW3xx\demo\EWARM\MK3031\Obj\timerinterexec.o
#        E:\workplace\gitYonpon_Project\youpon_project\Projects\MW3xx\demo\EWARM\MK3031\Obj\TimeUtils.o
#        E:\workplace\gitYonpon_Project\youpon_project\Projects\MW3xx\demo\EWARM\MK3031\Obj\TLVUtils.o
#        E:\workplace\gitYonpon_Project\youpon_project\Projects\MW3xx\demo\EWARM\MK3031\Obj\URLUtils.o
#        E:\workplace\gitYonpon_Project\youpon_project\Projects\MW3xx\demo\EWARM\MK3031\Obj\user_data_store.o
#        E:\workplace\gitYonpon_Project\youpon_project\Projects\MW3xx\demo\EWARM\MK3031\Obj\user_main.o
#        E:\workplace\gitYonpon_Project\youpon_project\Projects\MW3xx\demo\EWARM\MK3031\Obj\user_uart.o
#        E:\workplace\gitYonpon_Project\youpon_project\Projects\MW3xx\demo\EWARM\MK3031\Obj\wifi_led.o
#        E:\workplace\gitYonpon_Project\youpon_project\Projects\MW3xx\demo\EWARM\MK3031\Obj\xlink_config.o
#        E:\workplace\gitYonpon_Project\youpon_project\Projects\MW3xx\demo\EWARM\MK3031\Obj\xlink_DataPointProcess.o
#        E:\workplace\gitYonpon_Project\youpon_project\Projects\MW3xx\demo\EWARM\MK3031\Obj\xlink_demo.o
#        E:\workplace\gitYonpon_Project\youpon_project\Projects\MW3xx\demo\EWARM\MK3031\Obj\Xlink_PassThroughProtocol.o
#        E:\workplace\gitYonpon_Project\youpon_project\Projects\MW3xx\demo\EWARM\MK3031\Obj\Xlink_PassThroughResolve.o
#        E:\workplace\gitYonpon_Project\youpon_project\Projects\MW3xx\demo\EWARM\MK3031\Obj\xlink_ringbuf.o
#        E:\workplace\gitYonpon_Project\youpon_project\Projects\MW3xx\demo\EWARM\MK3031\Obj\xlinkHttp.o
#        E:\workplace\gitYonpon_Project\youpon_project\Projects\MW3xx\demo\EWARM\MK3031\Obj\zigbeeparse.o
#        -o
#        E:\workplace\gitYonpon_Project\youpon_project\Projects\MW3xx\demo\EWARM\MK3031\Exe\COM.MXCHIP.BASIC.out
#        --map
#        E:\workplace\gitYonpon_Project\youpon_project\Projects\MW3xx\demo\EWARM\MK3031\List\COM.MXCHIP.BASIC.map
#        --config
#        E:\workplace\gitYonpon_Project\youpon_project\Projects\MW3xx\demo\EWARM\..\..\..\..\Platform\MCU\MW3xx\interface\user_app.icf
#        --redirect malloc=_malloc --redirect free=_free --redirect
#        calloc=_calloc --redirect realloc=_realloc --semihosting
#        E:\dev\MiCO_B_v3.2.3\demos\application\xlinksrc\Lib_xlink_app_v34700.Cortex-M4.GCC.release.a
#        --entry moc_app_main --vfe --enable_stack_usage
#
###############################################################################

*******************************************************************************
*** MESSAGES
***

Warning[Lt009]: Inconsistent wchar_t size
          E:\workplace\gitYonpon_Project\youpon_project\Projects\MW3xx\demo\EWA
                    RM\MK3031\Obj\AESUtils.o and 192 other objects have wchar_t
                    size 16 bits
          xlink_system.o(Lib_xlink_app_v34700.Cortex-M4.GCC.release.a) and 9
                    other objects have wchar_t size 32 bits
Warning[Lo007]: [stack usage analysis] at least one function does not have
          stack usage information. Example: "XlinkSystemSetDeviceName". A
          complete list of such functions is in the map file.
Warning[Lo009]: [stack usage analysis] the program contains at least one
          indirect call. Example: from "moc_app_main". A complete list of such
          functions is in the map file.
Warning[Lo010]: [stack usage analysis] the program contains at least one
          instance of recursion for which  stack usage analysis has not been
          able to calculate a maximum stack depth. One function involved is
          "cJSON_Delete". A complete list of all recursion nests is in the map
          file.


*******************************************************************************
*** RUNTIME MODEL ATTRIBUTES
***

CppFlavor                     = *
__SystemLibrary               = DLib
__dlib_dynamic_initialization = normal


*******************************************************************************
*** PLACEMENT SUMMARY
***

"A1":  place at 0x1f064000 { section user_header_section };
"P1":  place in [from 0x1f064000 to 0x1f0a9000] { ro };
"A2":  place at start of [0x0011c000-0x00128000] { rw };
"P2":  place in [from 0x0011c000 to 0x00128000] { block heap_start };

  Section                 Kind        Address     Size  Object
  -------                 ----        -------     ----  ------
"A2":                                           0x2310
  rw-1                             0x0011c000    0x3f8  <Init block>
    .data                 inited   0x0011c000     0xc8  button.o [1]
    .data                 inited   0x0011c0c8      0xc  cJSON.o [1]
    .data                 inited   0x0011c0d4      0x4  json_object.o [1]
    .data                 inited   0x0011c0d8      0x4  json_object.o [1]
    .data                 inited   0x0011c0dc      0x4  json_tokener.o [1]
    .data                 inited   0x0011c0e0      0x4  mico_config.o [1]
    .data                 inited   0x0011c0e4     0x20  mico_mdns.o [1]
    .data                 inited   0x0011c104     0x10  mico_rtos_common.o [1]
    .data                 inited   0x0011c114     0x40  xfiles.o [6]
    .data                 inited   0x0011c154     0x40  xfiles.o [6]
    .data                 inited   0x0011c194     0x40  xfiles.o [6]
    .data                 inited   0x0011c1d4     0x20  xfiles.o [6]
    .data.Xlink_TCP_ConnectPort
                          inited   0x0011c1f4      0x4  xlink_net.o [4]
    .data.dayOfMonth      inited   0x0011c1f8     0x30  xlink_system.o [4]
    .data.g_tcpConnectDelayTime
                          inited   0x0011c228      0x4  xlink_net.o [4]
    .data.g_xlink_hostNameOrIp
                          inited   0x0011c22c      0x4  xlink_net.o [4]
    __DLIB_PERTHREAD      inited   0x0011c230      0x4  errno.o [6]
    __DLIB_PERTHREAD      inited   0x0011c234     0x8c  rand.o [6]
    __DLIB_PERTHREAD      inited   0x0011c2c0      0x8  localtim.o [6]
    __DLIB_PERTHREAD      inited   0x0011c2c8     0x74  setlocale.o [6]
    __DLIB_PERTHREAD      inited   0x0011c33c     0x2c  xttotm.o [6]
    __DLIB_PERTHREAD      inited   0x0011c368     0x88  localeconv.o [6]
    __DLIB_PERTHREAD      inited   0x0011c3f0      0x4  xisdst.o [6]
    __DLIB_PERTHREAD      inited   0x0011c3f4      0x4  xisdstData.o [6]
  .bss                    zero     0x0011c3f8      0xc  mico_system_time.o [1]
  .bss                    zero     0x0011c404     0x1c  config_server.o [1]
  .bss                    zero     0x0011c420     0x14  platform_nsclock.o [1]
  .bss                    zero     0x0011c434     0x20  appmainmsgqueue.o [1]
  .bss                    zero     0x0011c454     0x80  mico_mdns.o [1]
  .bss                    zero     0x0011c4d4      0x4  mico_rtos.o [1]
  .bss                    zero     0x0011c4d8     0x10  mico_rtos_common.o [1]
  .bss                    zero     0x0011c4e8     0x28  mico_system_monitor.o [1]
  .bss                    zero     0x0011c510     0x50  mico_system_notification.o [1]
  .bss                    zero     0x0011c560      0x8  mico_system_para_storage.o [1]
  .bss                    zero     0x0011c568     0x1c  mico_system_power_daemon.o [1]
  .bss                    zero     0x0011c584      0x4  MICOAppEntrance.o [1]
  .bss                    zero     0x0011c588      0x8  moc_main.o [1]
  .bss                    zero     0x0011c590      0x4  OTAupgrade.o [1]
  .bss                    zero     0x0011c594      0x4  OTAupgrade.o [1]
  .bss                    zero     0x0011c598     0x80  OTAupgrade.o [1]
  .bss                    zero     0x0011c618    0x214  rs485_uart.o [1]
  .bss                    zero     0x0011c82c      0xc  rs485_uart.o [1]
  .bss                    zero     0x0011c838      0x4  rs485_uart.o [1]
  .bss                    zero     0x0011c83c     0x15  rs485sensorparse.o [1]
  .bss.m_currentSystemTime
                          zero     0x0011c852      0xa  xlink_system.o [4]
  .bss                    zero     0x0011c85c     0x14  sensormanager.o [1]
  .bss                    zero     0x0011c870     0x14  system_easylink.o [1]
  .bss                    zero     0x0011c884     0x10  system_easylink_delegate.o [1]
  .bss                    zero     0x0011c894      0x8  timer_task.o [1]
  .bss                    zero     0x0011c89c     0x5c  timerctrl.o [1]
  .bss                    zero     0x0011c8f8      0x4  user_data_store.o [1]
  .bss                    zero     0x0011c8fc     0x24  user_main.o [1]
  .bss                    zero     0x0011c920     0xb4  user_main.o [1]
  .bss                    zero     0x0011c9d4    0x410  user_uart.o [1]
  .bss                    zero     0x0011cde4    0x40c  user_uart.o [1]
  .bss                    zero     0x0011d1f0      0x4  xlink_config.o [1]
  .bss                    zero     0x0011d1f4    0x4b0  xlink_DataPointProcess.o [1]
  .bss                    zero     0x0011d6a4     0x14  xlink_demo.o [1]
  .bss                    zero     0x0011d6b8     0x70  xlink_demo.o [1]
  .bss                    zero     0x0011d728      0x8  xlink_demo.o [1]
  .bss                    zero     0x0011d730    0x138  xlink_demo.o [1]
  .bss                    zero     0x0011d868      0x4  xlink_demo.o [1]
  .bss                    zero     0x0011d86c     0x25  xlink_demo.o [1]
  .bss.temptime.7741      zero     0x0011d892      0xa  xlink_process_tcp_data.o [4]
  .bss                    zero     0x0011d89c      0x8  xlinkHttp.o [1]
  .bss                    zero     0x0011d8a4      0x8  zigbeeparse.o [1]
  .bss                    zero     0x0011d8ac     0x50  xfiles.o [6]
  .bss                    zero     0x0011d8fc     0x50  xfiles.o [6]
  .bss                    zero     0x0011d94c     0x80  XShHandles.o [6]
  .bss.addr.7801          zero     0x0011d9cc     0x10  xlink_net.o [4]
  .bss.g_RecvDataBuffer   zero     0x0011d9dc      0x4  xlink_net.o [4]
  .bss.g_maxfd            zero     0x0011d9e0      0x4  xlink_net.o [4]
  .bss.g_xlink_client     zero     0x0011d9e4    0x380  xlink_client.o [4]
  .bss.g_xlink_info       zero     0x0011dd64     0x80  xlink_data.o [4]
  .bss.g_xlink_proTest    zero     0x0011dde4     0x10  xlink_data.o [4]
  .bss.g_xlink_user_config
                          zero     0x0011ddf4      0x4  xlink_data.o [4]
  .bss.last_check_heartbeat
                          zero     0x0011ddf8      0x4  xlink_net.o [4]
  .bss.m_fd_set           zero     0x0011ddfc      0x8  xlink_net.o [4]
  .bss.m_old_getTime      zero     0x0011de04      0x4  xlink_system.o [4]
  .bss.m_tcp_client       zero     0x0011de08      0x8  xlink_tcp_client.o [4]
  .bss.tcp_timer          zero     0x0011de10      0x8  xlink_tcp_client.o [4]
  .bss.timeoutal.7819     zero     0x0011de18      0x8  xlink_net.o [4]
  .bss.xlink_event        zero     0x0011de20      0x4  xlink_net.o [4]
  .bss.xsdk_flash         zero     0x0011de24     0xac  xsdk_config.o [4]
  .bss                    zero     0x0011ded0      0x4  Xlink_PassThroughResolve.o [1]
  .bss                    zero     0x0011ded4      0x1  printbuf.o [1]
  .bss                    zero     0x0011ded5      0x1  rs485_comm.o [1]
  .bss                    zero     0x0011ded6      0x1  rs485_uart.o [1]
  .bss.g_isWork           zero     0x0011ded7      0x1  xlink_net.o [4]
  .bss.g_xlink_udp_scan_en
                          zero     0x0011ded8      0x1  xlink_process_udp_data.o [4]
  .bss.isSystemInited     zero     0x0011ded9      0x1  xlink_system.o [4]
  .bss.m_systemFlag       zero     0x0011deda      0x1  xlink_system.o [4]
  .bss.udpPipeIndex       zero     0x0011dedb      0x1  xlink_process_udp_data.o [4]
  .bss.xlink_recvDtatBufer.7737
                          zero     0x0011dedc    0x432  xlink_net.o [4]
                                 - 0x0011e30e   0x230e

"P2":                                              0x4
  heap_start                       0x0011e310      0x4  <Block>
    .ram_data_end         zero     0x0011e310      0x4  moc_main.o [1]
                                 - 0x0011e314      0x4

"A1":                                             0x74
  user_header_section     const    0x1f064000     0x74  moc_main.o [1]
                                 - 0x1f064074     0x74

"P1":                                          0x1e61b
  .text                   ro code  0x1f064074   0x1e84  devicemanager.o [1]
  .text                   ro code  0x1f065ef8    0x2b0  MICOAppEntrance.o [1]
  .text                   ro code  0x1f0661a8    0x130  mico_rtos.o [1]
  .text                   ro code  0x1f0662d8     0x76  ABImemcpy_unaligned.o [9]
  .rodata.str1.1          const    0x1f06634e     0x4e  xsdk_config.o [4]
  .text                   ro code  0x1f06639c     0x62  memcmp_unaligned.o [9]
  .rodata.__FUNCTION__.7993
                          const    0x1f0663fe     0x22  xlink_process_udp_data.o [4]
  .text                   ro code  0x1f066420      0x6  ABImemclr4.o [9]
  .text                   ro code  0x1f066426     0x22  zero_init3.o [9]
  .text                   ro code  0x1f066448    0x354  timerinterexec.o [1]
  .text                   ro code  0x1f06679c    0x4a4  mico_system_para_storage.o [1]
  .text                   ro code  0x1f066c40      0x6  ABImemclr.o [9]
  .text                   ro code  0x1f066c46     0x1e  xsscin.o [6]
  .text                   ro code  0x1f066c64    0x164  user_uart.o [1]
  .text                   ro code  0x1f066dc8    0x4fc  rs485_uart.o [1]
  .text                   ro code  0x1f0672c4     0x68  user_data_store.o [1]
  .text                   ro code  0x1f06732c    0xd2c  timercontrol.o [1]
  .text                   ro code  0x1f068058    0x198  xstoul.o [6]
  .text                   ro code  0x1f0681f0   0x1548  sensormanager.o [1]
  .text                   ro code  0x1f069738    0x618  user_main.o [1]
  .text                   ro code  0x1f069d50    0xfcc  zigbeeparse.o [1]
  .text                   ro code  0x1f06ad1c     0x2a  strncmp.o [6]
  .text                   ro code  0x1f06ad46     0x88  xstol.o [6]
  .rodata.__FUNCTION__.7849
                          const    0x1f06adce     0x1a  xlink_process_tcp_data.o [4]
  .text                   ro code  0x1f06ade8    0x10c  wifi_led.o [1]
  .text                   ro code  0x1f06aef4     0x34  sprintf.o [6]
  .text                   ro code  0x1f06af28    0x178  config_server_menu.o [1]
  .text                   ro code  0x1f06b0a0    0x5f0  json_object.o [1]
  .text                   ro code  0x1f06b690     0x42  strcmp_unaligned.o [9]
  .rodata.__FUNCTION__.7864
                          const    0x1f06b6d2     0x1a  xlink_process_tcp_data.o [4]
  .text                   ro code  0x1f06b6ec     0x6c  strncpy_unaligned.o [9]
  .text                   ro code  0x1f06b758    0x82c  xlink_demo.o [1]
  .text                   ro code  0x1f06bf84     0x40  Retarget.o [1]
  .text                   ro code  0x1f06bfc4     0x88  mico_system_init.o [1]
  .text                   ro code  0x1f06c04c    0x2dc  MICOBonjour.o [1]
  .text                   ro code  0x1f06c328    0x3f8  system_misc.o [1]
  .text                   ro code  0x1f06c720     0x32  ABImemset48.o [9]
  .text                   ro code  0x1f06c752     0x1a  xsnprout.o [6]
  .text                   ro code  0x1f06c76c     0x36  strlen.o [9]
  .rodata.__FUNCTION__.7762
                          const    0x1f06c7a2     0x16  xlink_process_tcp_data.o [4]
  .text                   ro code  0x1f06c7b8    0x674  appmainmsgqueue.o [1]
  .text                   ro code  0x1f06ce2c    0x278  rs485_comm.o [1]
  .text                   ro code  0x1f06d0a4     0x78  CheckSumUtils.o [1]
  .text                   ro code  0x1f06d11c    0x1bc  moc_api.o [1]
  .text                   ro code  0x1f06d2d8     0x44  strcpy_unaligned.o [9]
  .text                   ro code  0x1f06d31c     0x66  ABImemset.o [9]
  .rodata.__FUNCTION__.8013
                          const    0x1f06d382     0x16  xlink_process_udp_data.o [4]
  .text                   ro code  0x1f06d398     0x18  RingBufferUtils.o [1]
  .text                   ro code  0x1f06d3b0      0x4  moc_platform_common.o [1]
  .text                   ro code  0x1f06d3b4    0xedc  cJSON.o [1]
  .text                   ro code  0x1f06e290    0x240  mico_rtos_common.o [1]
  .text                   ro code  0x1f06e4d0    0x438  timer_task.o [1]
  .text                   ro code  0x1f06e908     0x20  srand.o [6]
  .text                   ro code  0x1f06e928     0xe0  rand.o [6]
  .text                   ro code  0x1f06ea08     0x30  I32ToDbl.o [8]
  .text                   ro code  0x1f06ea38     0x28  isxxx.o [6]
  .text                   ro code  0x1f06ea60     0x14  tolower.o [6]
  .text                   ro code  0x1f06ea74     0x58  memchr.o [9]
  .text                   ro code  0x1f06eacc      0xc  errno.o [6]
  .text                   ro code  0x1f06ead8   0x1674  linkagemanager.o [1]
  .text                   ro code  0x1f07014c   0x11dc  networkserver.o [1]
  .text                   ro code  0x1f071328    0x1a2  DblMul.o [8]
  .rodata.__FUNCTION__.7857
                          const    0x1f0714ca      0xe  xlink_net.o [4]
  .text                   ro code  0x1f0714d8     0x90  DblToFlt.o [8]
  .text                   ro code  0x1f071568    0x404  timerctrl.o [1]
  .text                   ro code  0x1f07196c    0x4f0  rs485sensorparse.o [1]
  .text                   ro code  0x1f071e5c    0x15c  mico_system_power_daemon.o [1]
  .text                   ro code  0x1f071fb8    0x390  rs485parse.o [1]
  .text                   ro code  0x1f072348    0xd92  xprintffull_nomb.o [6]
  .rodata.str1.1          const    0x1f0730da      0xa  xlink_data.o [4]
  .text                   ro code  0x1f0730e4    0x146  printbuf.o [1]
  .text                   ro code  0x1f07322a      0xa  xsprout.o [6]
  .text                   ro code  0x1f073234    0x34c  linkhash.o [1]
  .text                   ro code  0x1f073580     0x18  strdup.o [6]
  .text                   ro code  0x1f073598     0x20  DblCmpEq.o [8]
  .text                   ro code  0x1f0735b8     0xe4  json_util.o [1]
  .text                   ro code  0x1f07369c     0x58  DblToI32.o [8]
  .text                   ro code  0x1f0736f4     0xd4  arraylist.o [1]
  .text                   ro code  0x1f0737c8     0x24  xlink_DataPointProcess.o [1]
  .text                   ro code  0x1f0737ec     0xd0  mktime.o [6]
  .text                   ro code  0x1f0738bc     0x5c  mico_system_time.o [1]
  .text                   ro code  0x1f073918     0x24  printf.o [6]
  .text                   ro code  0x1f07393c     0xf0  OTAupgrade.o [1]
  .text                   ro code  0x1f073a2c    0x78c  xlinkHttp.o [1]
  .text                   ro code  0x1f0741b8     0xcc  xlink_config.o [1]
  .text.XlinkSystemInit   ro code  0x1f074284     0xc0  xlink_system.o [4]
  .text.XlinkGetServerTime
                          ro code  0x1f074344     0x14  xlink_system.o [4]
  .text.XlinkPorcess_UDP_Enable
                          ro code  0x1f074358      0xc  xlink_process_udp_data.o [4]
  .text.xlink_tcp_send_upgrade
                          ro code  0x1f074364     0xa0  xlink_tcp_client.o [4]
  .text.xsdk_write_config
                          ro code  0x1f074404     0xdc  xsdk_config.o [4]
  .text.xsdk_config_save  ro code  0x1f0744e0    0x148  xsdk_config.o [4]
  .text.XlinkSystemLoop   ro code  0x1f074628     0xf8  xlink_system.o [4]
  .text.XlinkGetSystemTime
                          ro code  0x1f074720     0x38  xlink_system.o [4]
  .text.XlinkSystemTcpLoop
                          ro code  0x1f074758     0x20  xlink_system.o [4]
  .text                   ro code  0x1f074778     0xc0  Xlink_PassThroughResolve.o [1]
  .text                   ro code  0x1f074838    0xa90  system_easylink.o [1]
  .text                   ro code  0x1f0752c8    0x104  mico_system_monitor.o [1]
  .text                   ro code  0x1f0753cc    0x2c4  system_discovery.o [1]
  .text                   ro code  0x1f075690    0xaa4  config_server.o [1]
  .text                   ro code  0x1f076134     0x44  snprintf.o [6]
  .text                   ro code  0x1f076178    0x8f0  StringUtils.o [1]
  .text                   ro code  0x1f076a68    0xd08  mico_mdns.o [1]
  .text                   ro code  0x1f077770     0x6c  platform.o [1]
  .text                   ro code  0x1f0777dc    0x21c  mico_system_notification.o [1]
  .text                   ro code  0x1f0779f8     0xf6  platform_nsclock.o [1]
  .rodata.__FUNCTION__.7779
                          const    0x1f077aee     0x19  xlink_net.o [4]
  .rodata.__FUNCTION__.7793
                          const    0x1f077b07     0x19  xlink_process_tcp_data.o [4]
  .text                   ro code  0x1f077b20     0xe8  DblAdd.o [8]
  .rodata                 const    0x1f077c08     0x24  json_object.o [1]
  .text                   ro code  0x1f077c30    0x8c0  pow.o [8]
  .text                   ro code  0x1f0784f0     0x16  strchr.o [9]
  .rodata.__FUNCTION__.7936
                          const    0x1f078506     0x19  xlink_process_udp_data.o [4]
  .rodata.__FUNCTION__.7811
                          const    0x1f07851f     0x15  xlink_client.o [4]
  .text                   ro code  0x1f078534    0x180  DblSub.o [8]
  .text                   ro code  0x1f0786b4     0x2e  DblCmpLe.o [8]
  .rodata.__FUNCTION__.7540
                          const    0x1f0786e2     0x11  xsdk_config.o [4]
  .rodata.__FUNCTION__.7748
                          const    0x1f0786f3     0x11  xlink_net.o [4]
  .text                   ro code  0x1f078704     0x2e  DblCmpGe.o [8]
  .rodata.__FUNCTION__.7789
                          const    0x1f078732     0x11  xlink_tcp_client.o [4]
  .rodata.str1.1          const    0x1f078743      0x5  xlink_md5.o [4]
  .text                   ro code  0x1f078748     0x6e  floor.o [8]
  .text                   ro code  0x1f0787b8     0xb6  localtim.o [6]
  .text                   ro code  0x1f07886e      0x2  xtls.o [6]
  .text                   ro code  0x1f078870     0x44  setlocale.o [6]
  .text                   ro code  0x1f0788b4     0x16  xlocale_c.o [6]
  .text                   ro code  0x1f0788ca     0x14  xlocale_c.o [6]
  .text                   ro code  0x1f0788de      0xc  xlocale_c.o [6]
  .text.XlinkReSetSDK     ro code  0x1f0788ec     0x40  xsdk_config.o [4]
  .text                   ro code  0x1f07892c     0xee  I64DivMod.o [9]
  .text                   ro code  0x1f078a1a     0x42  xdnorm.o [8]
  .text                   ro code  0x1f078a5c    0x118  xdscale.o [8]
  .text                   ro code  0x1f078b74    0x246  DblDiv.o [8]
  .text                   ro code  0x1f078dbc     0x6c  localeconv.o [6]
  .text                   ro code  0x1f078e28      0xe  div.o [6]
  .text                   ro code  0x1f078e38     0x3c  vsnprint.o [6]
  .text                   ro code  0x1f078e74     0x2c  vsprintf.o [6]
  .text                   ro code  0x1f078ea0     0x18  vprintf.o [6]
  .text                   ro code  0x1f078eb8      0x4  exit.o [6]
  .text                   ro code  0x1f078ebc     0x24  sscanf.o [6]
  .text                   ro code  0x1f078ee0    0x188  xttotm.o [6]
  .text                   ro code  0x1f079068     0x2c  strstr.o [6]
  .text.xlinkHttpMd5Init  ro code  0x1f079094     0x2c  xlink_md5.o [4]
  .text                   ro code  0x1f0790c0    0x10c  mico_socket.o [1]
  .text.XlinkHttpM5dFinalString
                          ro code  0x1f0791cc     0x2c  xlink_md5.o [4]
  .text.XlinkHttpMd5Update
                          ro code  0x1f0791f8      0x4  xlink_md5.o [4]
  .text.xlinkGetHostByName
                          ro code  0x1f0791fc     0xac  xlink_net.o [4]
  .text                   ro code  0x1f0792a8     0x3c  puts.o [6]
  .text.xsdk_config_init  ro code  0x1f0792e4    0x1fc  xsdk_config.o [4]
  .text.XlinkSdkDataInit  ro code  0x1f0794e0     0x90  xlink_data.o [4]
  .text.XlinnkClientInit  ro code  0x1f079570     0x24  xlink_client.o [4]
  .text.XlinkNetInit      ro code  0x1f079594     0x24  xlink_net.o [4]
  .text.XlinkTcpSendData  ro code  0x1f0795b8     0x50  xlink_tcp_client.o [4]
  .text                   ro code  0x1f079608     0x14  memset.o [6]
  .text                   ro code  0x1f07961c      0xc  memcpy.o [6]
  .text.xlink_net_loop    ro code  0x1f079628    0x294  xlink_net.o [4]
  .text.xlink_net_loop_Domain_name
                          ro code  0x1f0798bc    0x310  xlink_net.o [4]
  .text.XlinkSendTcpPipe2_cb
                          ro code  0x1f079bcc     0xcc  xlink_tcp_client.o [4]
  .text.XlinkSendTcpPipe_cb
                          ro code  0x1f079c98     0xcc  xlink_tcp_client.o [4]
  .text.XlinkSendUdpPipe_cb
                          ro code  0x1f079d64     0xd0  xlink_client.o [4]
  .text                   ro code  0x1f079e34     0x96  system_easylink_delegate.o [1]
  .text                   ro code  0x1f079ecc     0xa8  SocketUtils.o [1]
  .text                   ro code  0x1f079f74    0xf34  json_tokener.o [1]
  .text                   ro code  0x1f07aea8    0xb90  HTTPUtils.o [1]
  .text                   ro code  0x1f07ba38     0x16  strnlen.o [6]
  .text                   ro code  0x1f07ba50     0xd0  button.o [1]
  .text                   ro code  0x1f07bb20      0xc  platform_core.o [1]
  .text                   ro code  0x1f07bb2c     0x7e  xdint.o [8]
  .text                   ro code  0x1f07bbac     0xb0  xlog.o [8]
  .text                   ro code  0x1f07bc5c    0x2c6  xexp.o [8]
  .text                   ro code  0x1f07bf24      0xa  getzone.o [6]
  .text                   ro code  0x1f07bf2e     0x42  xgettime.o [6]
  .text                   ro code  0x1f07bf70      0x2  I64DivZer.o [9]
  .text                   ro code  0x1f07bf74      0xe  cexit.o [9]
  .text                   ro code  0x1f07bf84    0xb84  xscanffull_nomb.o [6]
  .text                   ro code  0x1f07cb08    0x134  xisdst.o [6]
  .text.XlinkMD5Final     ro code  0x1f07cc3c     0x6c  xlink_md5.o [4]
  .text.XlinkMD5Update    ro code  0x1f07cca8     0x88  xlink_md5.o [4]
  .text                   ro code  0x1f07cd30      0x4  xsyslock_nop.o [6]
  .text                   ro code  0x1f07cd34     0x98  fputs.o [6]
  .text                   ro code  0x1f07cdcc     0x56  fputc.o [6]
  .text.xlinkGetMd5       ro code  0x1f07ce24     0x48  xlink_md5.o [4]
  .text.xsdk_read_config  ro code  0x1f07ce6c     0xac  xsdk_config.o [4]
  .text.XlinkSystemSetDeviceName
                          ro code  0x1f07cf18     0x50  xlink_system.o [4]
  .text.XlinkClientCheckHeartbeat
                          ro code  0x1f07cf68     0x74  xlink_client.o [4]
  .text.xsdk_closeUDP     ro code  0x1f07cfdc     0x18  xlink_net.o [4]
  .text.xsdk_closeTCP     ro code  0x1f07cff4     0x58  xlink_net.o [4]
  .text.XlinkTcpLoop      ro code  0x1f07d04c    0x24c  xlink_tcp_client.o [4]
  .text.event_tcp_recv_data
                          ro code  0x1f07d298    0x168  xlink_net.o [4]
  .text.event_udp_recv_data
                          ro code  0x1f07d400     0x9c  xlink_net.o [4]
  .text.XlinkTcpInit      ro code  0x1f07d49c     0x20  xlink_tcp_client.o [4]
  .text.XlinkClientSendDataToAllOlineClient
                          ro code  0x1f07d4bc     0x40  xlink_client.o [4]
  .text.XlinkClientSendDataToAddr
                          ro code  0x1f07d4fc     0x34  xlink_client.o [4]
  .text                   ro code  0x1f07d530     0x4e  strncasecmp.o [6]
  .text                   ro code  0x1f07d580     0x78  ABImemmove_unaligned.o [9]
  .text                   ro code  0x1f07d5f8    0x16a  URLUtils.o [1]
  .text                   ro code  0x1f07d762     0x40  xdtest.o [8]
  .text                   ro code  0x1f07d7a4     0x58  xcloseall.o [6]
  .text                   ro code  0x1f07d7fc     0x14  exit.o [10]
  .text                   ro code  0x1f07d810     0xa4  xstoll.o [6]
  .text                   ro code  0x1f07d8b4    0x1b0  xstoull.o [6]
  .text                   ro code  0x1f07da64    0x168  xstold.o [8]
  .text                   ro code  0x1f07dbcc    0x164  xgetdst.o [6]
  .text.XlinkMD5Transform
                          ro code  0x1f07dd30    0x694  xlink_md5.o [4]
  .text                   ro code  0x1f07e3c4     0xb6  xfwprep.o [6]
  .text                   ro code  0x1f07e47a     0x18  strrchr.o [6]
  .text                   ro code  0x1f07e494     0xb0  fflush.o [6]
  .text.xlink_GetServerTime
                          ro code  0x1f07e544     0x7c  xlink_tcp_client.o [4]
  .text.xsdk_timer_set    ro code  0x1f07e5c0     0x10  xsdk_config.o [4]
  .text.xsdk_tiemr_timerout
                          ro code  0x1f07e5d0     0x24  xsdk_config.o [4]
  .text.XlinkTcpNextWork  ro code  0x1f07e5f4     0x38  xlink_tcp_client.o [4]
  .text.XlinkTcpWorkActivation
                          ro code  0x1f07e62c    0x130  xlink_tcp_client.o [4]
  .text.check_typeOk      ro code  0x1f07e75c     0x2c  xlink_net.o [4]
  .text.xlink_process_tcp_data
                          ro code  0x1f07e788    0x858  xlink_process_tcp_data.o [4]
  .text.XlinkProcessUdpData
                          ro code  0x1f07efe0    0xb2c  xlink_process_udp_data.o [4]
  .text.XlinkClientSendToIndex
                          ro code  0x1f07fb0c     0x20  xlink_client.o [4]
  .text                   ro code  0x1f07fb2c     0x7a  fclose.o [6]
  .text                   ro code  0x1f07fba6    0x134  xstopfx.o [6]
  .text                   ro code  0x1f07fcdc    0x1b8  xstoflt.o [6]
  .rodata.__FUNCTION__.7906
                          const    0x1f07fe94     0x1c  xlink_client.o [4]
  .text                   ro code  0x1f07feb0    0x200  xdtento.o [8]
  .text                   ro code  0x1f0800b0    0x218  xstoxflt.o [6]
  .text                   ro code  0x1f0802c8     0x22  fseek.o [6]
  .text.XlinkGetMACHex    ro code  0x1f0802ec     0x38  xlink_tcp_client.o [4]
  .text.check_typeOk_t    ro code  0x1f080324     0x2c  xlink_net.o [4]
  .text.XlinkTcpPing_Clear
                          ro code  0x1f080350     0x18  xlink_tcp_client.o [4]
  .text.XlinkSdkAppSetDeviceName
                          ro code  0x1f080368     0x30  xlink_data.o [4]
  .text.xlink_process_set_pwd
                          ro code  0x1f080398     0xf0  xlink_process_tcp_data.o [4]
  .text.xlink_process_tcp_probe_V2
                          ro code  0x1f080488    0x124  xlink_process_tcp_data.o [4]
  .text.xlink_process_tcp_event_res
                          ro code  0x1f0805ac     0x70  xlink_process_tcp_data.o [4]
  .text.xlink_process_tcp_notify
                          ro code  0x1f08061c     0x30  xlink_process_tcp_data.o [4]
  .text.handshakeErrorRes.isra.0.constprop.5
                          ro code  0x1f08064c     0x64  xlink_process_udp_data.o [4]
  .text.XlinkClientAddclient
                          ro code  0x1f0806b0    0x168  xlink_client.o [4]
  .text.XlinkProcessUdpProbe_Datapoint_V3.isra.1
                          ro code  0x1f080818    0x184  xlink_process_udp_data.o [4]
  .text.XlinkClientcheckclientLogin
                          ro code  0x1f08099c     0x84  xlink_client.o [4]
  .text.XlinkClientByby   ro code  0x1f080a20     0x1c  xlink_client.o [4]
  .text.xlinkSendRetPackage
                          ro code  0x1f080a3c     0x3e  xlink_process_udp_data.o [4]
  .text.xlinkClientReSet  ro code  0x1f080a7c     0x2c  xlink_client.o [4]
  .text.XlinkBuildSubKey  ro code  0x1f080aa8     0x64  xsdk_config.o [4]
  .text.SubKeyErrorRes    ro code  0x1f080b0c     0x3e  xlink_process_udp_data.o [4]
  .text                   ro code  0x1f080b4c     0x7c  xfofind.o [6]
  .text                   ro code  0x1f080bc8     0x1a  close.o [10]
  .text                   ro code  0x1f080be2     0x16  remove.o [10]
  .text                   ro code  0x1f080bf8     0x56  xdunscal.o [8]
  .text                   ro code  0x1f080c4e     0xd6  xfspos.o [6]
  .text.xlinkSendRetPWDPackage
                          ro code  0x1f080d24     0x74  xlink_process_tcp_data.o [4]
  .text.XlinkPorcess_UDP_GetScan
                          ro code  0x1f080d98      0xc  xlink_process_udp_data.o [4]
  .text.xlink_net_setSystemTime
                          ro code  0x1f080da4     0x78  xlink_system.o [4]
  .text.XlinkClientQuit   ro code  0x1f080e1c     0x28  xlink_client.o [4]
  .text                   ro code  0x1f080e44     0xe0  XShHandles.o [6]
  .text                   ro code  0x1f080f24      0xc  xfgpos.o [6]
  .text                   ro code  0x1f080f30     0x4c  lseek.o [10]
  .rodata.str1.1          const    0x1f080f7c    0x695  xlink_net.o [4]
  .rodata.str1.1          const    0x1f081611    0x5fe  xlink_process_tcp_data.o [4]
  .rodata.str1.1          const    0x1f081c0f    0x396  xlink_process_udp_data.o [4]
  .rodata.str1.1          const    0x1f081fa5     0xee  xlink_client.o [4]
  .text                   ro code  0x1f082094     0xd0  packbits_init.o [9]
  .text                   ro code  0x1f082164      0x6  abort.o [6]
  .rodata.str1.1          const    0x1f08216a     0xb5  xlink_tcp_client.o [4]
  .rodata.str1.1          const    0x1f08221f     0x9c  xlink_system.o [4]
  .rodata.__FUNCTION__.7819
                          const    0x1f0822bb     0x1f  xlink_process_tcp_data.o [4]
  .text                   ro code  0x1f0822dc     0x7c  moc_main.o [1]
  .text                   ro code  0x1f082358     0x28  data_init.o [9]
  .rodata                 const    0x1f082380     0x30  moc_main.o [1]
  .text                   ro code  0x1f0823b0     0x22  fpinit_M.o [8]
  .iar.init_table         const    0x1f0823d4     0x34  - Linker created -
  .rodata.m_key           const    0x1f082408     0x20  xsdk_config.o [4]
  .rodata.__FUNCTION__.7850
                          const    0x1f082428     0x1b  xlink_net.o [4]
  .rodata.__FUNCTION__.7969
                          const    0x1f082443     0x1b  xlink_process_udp_data.o [4]
  .rodata.__FUNCTION__.7799
                          const    0x1f08245e     0x18  xlink_process_tcp_data.o [4]
  .rodata.__FUNCTION__.7870
                          const    0x1f082476     0x18  xlink_process_tcp_data.o [4]
  .rodata.__FUNCTION__.7770
                          const    0x1f08248e     0x17  xlink_process_tcp_data.o [4]
  .rodata.__FUNCTION__.7911
                          const    0x1f0824a5     0x17  xlink_process_udp_data.o [4]
  .text                   ro code  0x1f0824bc     0x16  xprout.o [6]
  .text                   ro code  0x1f0824d4      0xc  putchar.o [6]
  .rodata.__FUNCTION__.7791
                          const    0x1f0824e0     0x14  xlink_net.o [4]
  .rodata.__FUNCTION__.7812
                          const    0x1f0824f4     0x14  xlink_net.o [4]
  .rodata.__FUNCTION__.7861
                          const    0x1f082508     0x14  xlink_process_udp_data.o [4]
  .rodata.__FUNCTION__.7898
                          const    0x1f08251c     0x14  xlink_tcp_client.o [4]
  .rodata.__FUNCTION__.7754
                          const    0x1f082530     0x13  xlink_net.o [4]
  .rodata.__FUNCTION__.7768
                          const    0x1f082543     0x13  xlink_net.o [4]
  .rodata.__FUNCTION__.7953
                          const    0x1f082556     0x13  xlink_process_udp_data.o [4]
  .rodata.HEXBUF          const    0x1f082569     0x10  xlink_tcp_client.o [4]
  .text                   ro code  0x1f08257c      0x0  cstart_closeall.o [9]
  .rodata                 const    0x1f08257c      0x0  zero_init3.o [9]
  .rodata                 const    0x1f08257c      0x0  packbits_init.o [9]
  Initializer bytes       const    0x1f08257c    0x113  <for rw-1>
                                 - 0x1f08268f  0x1e61b


*******************************************************************************
*** INIT TABLE
***

          Address     Size
          -------     ----
Zero (__iar_zero_init3)
    2 destination ranges, total size 0x1f1a:
          0x0011c3f8  0x1f16
          0x0011e310     0x4

Copy/packbits (__iar_packbits_init3)
    1 source range, total size 0x113 (27% of destination):
          0x1f08257c   0x113
    1 destination range, total size 0x3f8:
          0x0011c000   0x3f8


*******************************************************************************
*** STACK USAGE
***

  Call Graph Root Category  Max Use  Total Use
  ------------------------  -------  ---------
  Program entry                  80         80
  Uncalled function           3 256     28 448


Program entry
  "moc_app_main": 0x1f0822f5

  Maximum call chain                            *?* 80 bytes
    (** call graph contains indirect calls (example: "moc_app_main") **)

    "moc_app_main"                                  24
    "__iar_data_init3"                               8
    "__iar_packbits_init3"                          48
    "InStream_Read" in packbits_init.o [9]           0

Uncalled function
  "uart_recv_thread" in appmainmsgqueue.o [1]: 0x1f06cc19

  Maximum call chain                            *?* 776 bytes
    (** call graph contains recursive functions (example: "cJSON_Delete")
                            indirect calls (example: "_free") **)

    "uart_recv_thread" in appmainmsgqueue.o [1]     200
    "send_ConvertFromZigbeeData2Rs485" in appmainmsgqueue.o [1]
                                                    536
    "pushAppMainRecvMsgProcess"                      32
    "__aeabi_memclr4"                                 0
    "__iar_Memset4_word"                              4
    "Enter8" in ABImemset48.o [9]                     4

Uncalled function
  "popAppMainRecvMsgThread": 0x1f06c853

  Maximum call chain                            *?* 96 bytes
    (** call graph contains indirect calls (example: "MicoGpioOutputHigh") **)

    "popAppMainRecvMsgThread"                        8
    "Rs485_SendData"                                 8
    "rs485_uartSend"                                16
    "mico_nanosecond_delay"                          0
    "platform_nanosecond_delay"                     24
    "platform_get_nanosecond_clock_value"           40
    "__aeabi_uldivmod"                               0
    "__aeabi_ldiv0"                                  0

Uncalled function
  "popRecvFromFlogCloudMsgThread": 0x1f06ca8b

  Maximum call chain                            *?* 1 656 bytes
    (** call graph contains recursive functions (example: "cJSON_Delete")
                            indirect calls (example: "_free") **)

    "popRecvFromFlogCloudMsgThread"                    16
    "parseServerMessage"                              560
    "deleteDeviceFromList"                             80
    "removeDevice" in networkserver.o [1]             128
    "rs485_device_delete_from_net"                    160
    "Rs485_SendDataPackage"                           352
    "sprintf"                                          24
    "_PrintfFullNoMb"                                 168
    "_LdtobFullNoMb" in xprintffull_nomb.o [6]         96
    "_GenldFullNoMb" in xprintffull_nomb.o [6]         56
    "localeconv"                                        8
    "__iar_Locale_lconv_init"                           8
    "__iar_dlib_perthread_access"                       0

Uncalled function
  "button_irq_handler" in button.o [1]: 0x1f07ba51

  Maximum call chain                            *?* 16 bytes
    (** call graph contains indirect calls (example: "MicoGpioEnableIRQ") **)

    "button_irq_handler" in button.o [1]             8
    "MicoGpioEnableIRQ"                              8

Uncalled function
  "button_timeout_handler" in button.o [1]: 0x1f07bab5

  Maximum call chain                             *?* 0 bytes
    (** call graph contains indirect calls (example: "button_timeout_handler" in button.o [1]) **)

    "button_timeout_handler" in button.o [1]         0

Uncalled function
  "localConfig_thread" in config_server.o [1]: 0x1f075831

  Maximum call chain                            *?* 960 bytes
    (** call graph contains recursive functions (example: "lh_table_insert")
                            indirect calls (example: "_calloc") **)

    "localConfig_thread" in config_server.o [1]      64
    "_LocalConfigRespondInComingMessage" in config_server.o [1]
                                                    128
    "system_connect_wifi_normal"                    224
    "wifi_led_quick_glitter_start"                  184
    "sprintf"                                        24
    "_PrintfFullNoMb"                               168
    "_LdtobFullNoMb" in xprintffull_nomb.o [6]       96
    "_GenldFullNoMb" in xprintffull_nomb.o [6]       56
    "localeconv"                                      8
    "__iar_Locale_lconv_init"                         8
    "__iar_dlib_perthread_access"                     0

Uncalled function
  "localConfiglistener_thread" in config_server.o [1]: 0x1f0756e1

  Maximum call chain                            *?* 96 bytes
    (** call graph contains indirect calls (example: "close") **)

    "localConfiglistener_thread" in config_server.o [1]
                                                    80
    "mico_rtos_create_thread"                       16

Uncalled function
  "onClearHTTPHeader" in config_server.o [1]: 0x1f075a81

  Maximum call chain                             *?* 8 bytes
    (** call graph contains indirect calls (example: "mico_rtos_unlock_mutex") **)

    "onClearHTTPHeader" in config_server.o [1]       8
    "mico_rtos_unlock_mutex"                         0

Uncalled function
  "onReceivedData" in config_server.o [1]: 0x1f0759c1

  Maximum call chain                            *?* 96 bytes
    (** call graph contains indirect calls (example: "MicoFlashErase") **)

    "onReceivedData" in config_server.o [1]         48
    "HTTPGetHeaderField"                            40
    "strnicmp"                                       8

Uncalled function
  "close_all_rs485_device": 0x1f065abf

  Maximum call chain                            *?* 32 bytes
    (** call graph contains indirect calls (example: "mico_rtos_lock_mutex") **)

    "close_all_rs485_device"                        32

Uncalled function
  "zigbee_new_device_add_report2": 0x1f065329

  Maximum call chain                            *?* 128 bytes
    (** call graph contains indirect calls (example: "mico_rtos_lock_mutex") **)

    "zigbee_new_device_add_report2"                  56
    "updateKitchenSensorDeviceNwk"                   64
    "__iar_unaligned___aeabi_memcpy"                  0
    "__iar_unaligned___aeabi_memcpy4"                 8

Uncalled function
  "json_object_array_delete" in json_object.o [1]: 0x1f06b615

  Maximum call chain                            *?* 24 bytes
    (** call graph contains indirect calls (example: "_free") **)

    "json_object_array_delete" in json_object.o [1]
                                                     8
    "array_list_free"                               16

Uncalled function
  "json_object_array_entry_free" in json_object.o [1]: 0x1f06b605

  Maximum call chain                             *?* 0 bytes
    (** call graph contains indirect calls (example: "json_object_array_entry_free" in json_object.o [1]) **)

    "json_object_array_entry_free" in json_object.o [1]
                                                     0

Uncalled function
  "json_object_array_to_json_string" in json_object.o [1]: 0x1f06b561

  Maximum call chain                            *?* 576 bytes
    (** call graph contains indirect calls (example: "json_object_array_to_json_string" in json_object.o [1]) **)

    "json_object_array_to_json_string" in json_object.o [1]
                                                     32
    "sprintbuf"                                     160
    "vasprintf"                                      24
    "vsnprintf"                                      24
    "_PrintfFullNoMb"                               168
    "_LdtobFullNoMb" in xprintffull_nomb.o [6]       96
    "_GenldFullNoMb" in xprintffull_nomb.o [6]       56
    "localeconv"                                      8
    "__iar_Locale_lconv_init"                         8
    "__iar_dlib_perthread_access"                     0

Uncalled function
  "json_object_boolean_to_json_string" in json_object.o [1]: 0x1f06b313

  Maximum call chain                            *?* 544 bytes
    (** call graph contains indirect calls (example: "_realloc") **)

    "json_object_boolean_to_json_string" in json_object.o [1]
                                                      0
    "sprintbuf"                                     160
    "vasprintf"                                      24
    "vsnprintf"                                      24
    "_PrintfFullNoMb"                               168
    "_LdtobFullNoMb" in xprintffull_nomb.o [6]       96
    "_GenldFullNoMb" in xprintffull_nomb.o [6]       56
    "localeconv"                                      8
    "__iar_Locale_lconv_init"                         8
    "__iar_dlib_perthread_access"                     0

Uncalled function
  "json_object_double_to_json_string" in json_object.o [1]: 0x1f06b491

  Maximum call chain                            *?* 544 bytes
    (** call graph contains indirect calls (example: "_realloc") **)

    "json_object_double_to_json_string" in json_object.o [1]
                                                      0
    "sprintbuf"                                     160
    "vasprintf"                                      24
    "vsnprintf"                                      24
    "_PrintfFullNoMb"                               168
    "_LdtobFullNoMb" in xprintffull_nomb.o [6]       96
    "_GenldFullNoMb" in xprintffull_nomb.o [6]       56
    "localeconv"                                      8
    "__iar_Locale_lconv_init"                         8
    "__iar_dlib_perthread_access"                     0

Uncalled function
  "json_object_generic_delete" in json_object.o [1]: 0x1f06b199

  Maximum call chain                            *?* 16 bytes
    (** call graph contains indirect calls (example: "_free") **)

    "json_object_generic_delete" in json_object.o [1]
                                                     8
    "printbuf_free"                                  8
    "_free"                                          0

Uncalled function
  "json_object_int_to_json_string" in json_object.o [1]: 0x1f06b39d

  Maximum call chain                            *?* 544 bytes
    (** call graph contains indirect calls (example: "_realloc") **)

    "json_object_int_to_json_string" in json_object.o [1]
                                                      0
    "sprintbuf"                                     160
    "vasprintf"                                      24
    "vsnprintf"                                      24
    "_PrintfFullNoMb"                               168
    "_LdtobFullNoMb" in xprintffull_nomb.o [6]       96
    "_GenldFullNoMb" in xprintffull_nomb.o [6]       56
    "localeconv"                                      8
    "__iar_Locale_lconv_init"                         8
    "__iar_dlib_perthread_access"                     0

Uncalled function
  "json_object_lh_entry_free" in json_object.o [1]: 0x1f06b25d

  Maximum call chain                             *?* 8 bytes
    (** call graph contains indirect calls (example: "json_object_lh_entry_free" in json_object.o [1]) **)

    "json_object_lh_entry_free" in json_object.o [1]
                                                     8
    "_free"                                          0

Uncalled function
  "json_object_object_delete" in json_object.o [1]: 0x1f06b27d

  Maximum call chain                            *?* 24 bytes
    (** call graph contains indirect calls (example: "_free") **)

    "json_object_object_delete" in json_object.o [1]
                                                     8
    "lh_table_free"                                 16
    "_free"                                          0

Uncalled function
  "json_object_object_to_json_string" in json_object.o [1]: 0x1f06b1d3

  Maximum call chain                            *?* 624 bytes
    (** call graph contains indirect calls (example: "json_object_object_to_json_string" in json_object.o [1]) **)

    "json_object_object_to_json_string" in json_object.o [1]
                                                     40
    "json_escape_str" in json_object.o [1]           40
    "sprintbuf"                                     160
    "vasprintf"                                      24
    "vsnprintf"                                      24
    "_PrintfFullNoMb"                               168
    "_LdtobFullNoMb" in xprintffull_nomb.o [6]       96
    "_GenldFullNoMb" in xprintffull_nomb.o [6]       56
    "localeconv"                                      8
    "__iar_Locale_lconv_init"                         8
    "__iar_dlib_perthread_access"                     0

Uncalled function
  "json_object_string_delete" in json_object.o [1]: 0x1f06b503

  Maximum call chain                            *?* 16 bytes
    (** call graph contains indirect calls (example: "_free") **)

    "json_object_string_delete" in json_object.o [1]
                                                     8
    "printbuf_free"                                  8
    "_free"                                          0

Uncalled function
  "json_object_string_to_json_string" in json_object.o [1]: 0x1f06b4dd

  Maximum call chain                            *?* 600 bytes
    (** call graph contains indirect calls (example: "_realloc") **)

    "json_object_string_to_json_string" in json_object.o [1]
                                                     16
    "json_escape_str" in json_object.o [1]           40
    "sprintbuf"                                     160
    "vasprintf"                                      24
    "vsnprintf"                                      24
    "_PrintfFullNoMb"                               168
    "_LdtobFullNoMb" in xprintffull_nomb.o [6]       96
    "_GenldFullNoMb" in xprintffull_nomb.o [6]       56
    "localeconv"                                      8
    "__iar_Locale_lconv_init"                         8
    "__iar_dlib_perthread_access"                     0

Uncalled function
  "lh_char_equal": 0x1f073261

  Maximum call chain                                 8 bytes

    "lh_char_equal"                                  8
    "__iar_unaligned_strcmp"                         0

Uncalled function
  "lh_char_hash": 0x1f073245

  Maximum call chain                                 0 bytes

    "lh_char_hash"                                   0

Uncalled function
  "_bonjour_thread" in mico_mdns.o [1]: 0x1f077599

  Maximum call chain                            *?* 280 bytes
    (** call graph contains indirect calls (example: "sendto") **)

    "_bonjour_thread" in mico_mdns.o [1]             72
    "bonjour_send_record"                           152
    "mdns_send_message" in mico_mdns.o [1]           40
    "sendto"                                         16

Uncalled function
  "BonjourNotify_SYSWillPoerOffHandler": 0x1f0774b9

  Maximum call chain                            *?* 72 bytes
    (** call graph contains indirect calls (example: "mico_rtos_create_thread") **)

    "BonjourNotify_SYSWillPoerOffHandler"            8
    "mdns_suspend_record"                           48
    "mico_rtos_create_thread"                       16

Uncalled function
  "BonjourNotify_WifiStatusHandler": 0x1f077489

  Maximum call chain                            *?* 64 bytes
    (** call graph contains indirect calls (example: "mico_rtos_create_thread") **)

    "BonjourNotify_WifiStatusHandler"                0
    "mdns_suspend_record"                           48
    "mico_rtos_create_thread"                       16

Uncalled function
  "_bonjour_send_anounce_thread": 0x1f076fd7

  Maximum call chain                            *?* 16 bytes
    (** call graph contains indirect calls (example: "mico_rtos_delete_thread") **)

    "_bonjour_send_anounce_thread"                   8
    "mico_rtos_thread_msleep"                        0
    "mico_rtos_delay_milliseconds"                   8

Uncalled function
  "process_dns_questions": 0x1f076a69

  Maximum call chain                            *?* 344 bytes
    (** call graph contains indirect calls (example: "_free") **)

    "process_dns_questions"                         288
    "mdns_send_message" in mico_mdns.o [1]           40
    "sendto"                                         16

Uncalled function
  "timed_event_handler" in mico_rtos_common.o [1]: 0x1f06e359

  Maximum call chain                            *?* 16 bytes
    (** call graph contains indirect calls (example: "mico_rtos_push_to_queue") **)

    "timed_event_handler" in mico_rtos_common.o [1]
                                                    16

Uncalled function
  "timer_thread_func" in mico_rtos_common.o [1]: 0x1f06e421

  Maximum call chain                            *?* 24 bytes
    (** call graph contains indirect calls (example: "_free") **)

    "timer_thread_func" in mico_rtos_common.o [1]
                                                    24
    "_free"                                          0

Uncalled function
  "worker_thread_main" in mico_rtos_common.o [1]: 0x1f06e2e1

  Maximum call chain                            *?* 16 bytes
    (** call graph contains indirect calls (example: "worker_thread_main" in mico_rtos_common.o [1]) **)

    "worker_thread_main" in mico_rtos_common.o [1]
                                                    16

Uncalled function
  "gethostbyname": 0x1f0791bd

  Maximum call chain                             *?* 0 bytes
    (** call graph contains indirect calls (example: "gethostbyname") **)

    "gethostbyname"                                  0

Uncalled function
  "system_config_mode_worker" in mico_system_init.o [1]: 0x1f06bfc5

  Maximum call chain                            *?* 104 bytes
    (** call graph contains indirect calls (example: "mico_rtos_create_thread") **)

    "system_config_mode_worker" in mico_system_init.o [1]
                                                     16
    "system_easylink_start"                          24
    "mdns_suspend_record"                            48
    "mico_rtos_create_thread"                        16

Uncalled function
  "_watchdog_reload_timer_handler" in mico_system_monitor.o [1]: 0x1f07532f

  Maximum call chain                             *?* 8 bytes
    (** call graph contains indirect calls (example: "mico_rtos_get_time") **)

    "_watchdog_reload_timer_handler" in mico_system_monitor.o [1]
                                                     8
    "mico_rtos_get_time"                             0

Uncalled function
  "mico_system_monitor_thread_main": 0x1f0752fd

  Maximum call chain                            *?* 24 bytes
    (** call graph contains indirect calls (example: "MicoWdgReload") **)

    "mico_system_monitor_thread_main"               16
    "mico_rtos_thread_msleep"                        0
    "mico_rtos_delay_milliseconds"                   8

Uncalled function
  "ApListAdvCallback": 0x1f0777f7

  Maximum call chain                            *?* 16 bytes
    (** call graph contains indirect calls (example: "ApListAdvCallback") **)

    "ApListAdvCallback"                             16

Uncalled function
  "ApListCallback": 0x1f0777dd

  Maximum call chain                            *?* 16 bytes
    (** call graph contains indirect calls (example: "ApListCallback") **)

    "ApListCallback"                                16

Uncalled function
  "NetCallback": 0x1f07784f

  Maximum call chain                            *?* 16 bytes
    (** call graph contains indirect calls (example: "NetCallback") **)

    "NetCallback"                                   16

Uncalled function
  "RptConfigmodeRslt": 0x1f077869

  Maximum call chain                            *?* 16 bytes
    (** call graph contains indirect calls (example: "RptConfigmodeRslt") **)

    "RptConfigmodeRslt"                             16

Uncalled function
  "WifiStatusHandler": 0x1f077811

  Maximum call chain                            *?* 16 bytes
    (** call graph contains indirect calls (example: "WifiStatusHandler") **)

    "WifiStatusHandler"                             16

Uncalled function
  "connected_ap_info": 0x1f07782b

  Maximum call chain                            *?* 24 bytes
    (** call graph contains indirect calls (example: "connected_ap_info") **)

    "connected_ap_info"                             24

Uncalled function
  "dns_ip_set": 0x1f0778bb

  Maximum call chain                            *?* 16 bytes
    (** call graph contains indirect calls (example: "dns_ip_set") **)

    "dns_ip_set"                                    16

Uncalled function
  "easylink_user_data_result": 0x1f077883

  Maximum call chain                            *?* 16 bytes
    (** call graph contains indirect calls (example: "easylink_user_data_result") **)

    "easylink_user_data_result"                     16

Uncalled function
  "join_fail": 0x1f0778ef

  Maximum call chain                            *?* 16 bytes
    (** call graph contains indirect calls (example: "join_fail") **)

    "join_fail"                                     16

Uncalled function
  "mico_rtos_stack_overflow": 0x1f07791f

  Maximum call chain                            *?* 16 bytes
    (** call graph contains indirect calls (example: "mico_rtos_stack_overflow") **)

    "mico_rtos_stack_overflow"                      16

Uncalled function
  "socket_connected": 0x1f0778a1

  Maximum call chain                            *?* 16 bytes
    (** call graph contains indirect calls (example: "socket_connected") **)

    "socket_connected"                              16

Uncalled function
  "wifi_reboot_event": 0x1f077909

  Maximum call chain                             *?* 8 bytes
    (** call graph contains indirect calls (example: "wifi_reboot_event") **)

    "wifi_reboot_event"                              8

Uncalled function
  "_sys_power_state_change_handler" in mico_system_power_daemon.o [1]: 0x1f071ee1

  Maximum call chain                            *?* 368 bytes
    (** call graph contains indirect calls (example: "MicoSystemReboot") **)

    "_sys_power_state_change_handler" in mico_system_power_daemon.o [1]
                                                      8
    "printf"                                         24
    "_PrintfFullNoMb"                               168
    "_LdtobFullNoMb" in xprintffull_nomb.o [6]       96
    "_GenldFullNoMb" in xprintffull_nomb.o [6]       56
    "localeconv"                                      8
    "__iar_Locale_lconv_init"                         8
    "__iar_dlib_perthread_access"                     0

Uncalled function
  "_sys_will_power_off_handler" in mico_system_power_daemon.o [1]: 0x1f071f1d

  Maximum call chain                            *?* 64 bytes
    (** call graph contains indirect calls (example: "mico_deinit_timer") **)

    "_sys_will_power_off_handler" in mico_system_power_daemon.o [1]
                                                    16
    "mico_system_context_update"                     0
    "internal_update_config" in mico_system_para_storage.o [1]
                                                    32
    "CRC16_Final"                                   16
    "UpdateCRC16"                                    0

Uncalled function
  "PlatformEasyLinkButtonClickedCallback": 0x1f071e5d

  Maximum call chain                            *?* 16 bytes
    (** call graph contains indirect calls (example: "mico_rtos_set_semaphore") **)

    "PlatformEasyLinkButtonClickedCallback"          0
    "mico_rtos_send_asynchronous_event"             16

Uncalled function
  "PlatformEasyLinkButtonLongPressedCallback": 0x1f071e99

  Maximum call chain                            *?* 400 bytes
    (** call graph contains indirect calls (example: "MicoFlashErase")
                            functions with no stack usage info (example: "XlinkReSetSDK") **)

    "PlatformEasyLinkButtonLongPressedCallback"       8
    "mico_system_context_restore"                    16
    "appRestoreDefault_callback"                     16
    "sprintf"                                        24
    "_PrintfFullNoMb"                               168
    "_LdtobFullNoMb" in xprintffull_nomb.o [6]       96
    "_GenldFullNoMb" in xprintffull_nomb.o [6]       56
    "localeconv"                                      8
    "__iar_Locale_lconv_init"                         8
    "__iar_dlib_perthread_access"                     0

Uncalled function
  "PlatformStandbyButtonClickedCallback": 0x1f071ec9

  Maximum call chain                            *?* 16 bytes
    (** call graph contains indirect calls (example: "mico_rtos_push_to_queue") **)

    "PlatformStandbyButtonClickedCallback"           0
    "mico_rtos_send_asynchronous_event"             16

Uncalled function
  "application_thread_main" in moc_main.o [1]: 0x1f0822dd

  Maximum call chain                            *?* 736 bytes
    (** call graph contains indirect calls (example: "_malloc")
                            functions with no stack usage info (example: "XlinkGetServerTime") **)

    "application_thread_main" in moc_main.o [1]       8
    "application_start"                             152
    "mico_system_init"                               16
    "system_network_daemen_start"                   120
    "formatMACAddr"                                  80
    "sprintf"                                        24
    "_PrintfFullNoMb"                               168
    "_LdtobFullNoMb" in xprintffull_nomb.o [6]       96
    "_GenldFullNoMb" in xprintffull_nomb.o [6]       56
    "localeconv"                                      8
    "__iar_Locale_lconv_init"                         8
    "__iar_dlib_perthread_access"                     0

Uncalled function
  "FOTA_WifiStatusHandler_t" in OTAupgrade.o [1]: 0x1f07394d

  Maximum call chain                                 0 bytes

    "FOTA_WifiStatusHandler_t" in OTAupgrade.o [1]
                                                     0

Uncalled function
  "request_DeviceState": 0x1f06726b

  Maximum call chain                            *?* 920 bytes
    (** call graph contains indirect calls (example: "_free") **)

    "request_DeviceState"                             8
    "rs485_RequestOneNotIRSensorState"               40
    "rs485_request_get_device"                      160
    "Rs485_SendDataPackage"                         352
    "sprintf"                                        24
    "_PrintfFullNoMb"                               168
    "_LdtobFullNoMb" in xprintffull_nomb.o [6]       96
    "_GenldFullNoMb" in xprintffull_nomb.o [6]       56
    "localeconv"                                      8
    "__iar_Locale_lconv_init"                         8
    "__iar_dlib_perthread_access"                     0

Uncalled function
  "rs485_RequestIRSensorState": 0x1f0671c3

  Maximum call chain                            *?* 896 bytes
    (** call graph contains indirect calls (example: "_free") **)

    "rs485_RequestIRSensorState"                    184
    "Rs485_SendDataPackage"                         352
    "sprintf"                                        24
    "_PrintfFullNoMb"                               168
    "_LdtobFullNoMb" in xprintffull_nomb.o [6]       96
    "_GenldFullNoMb" in xprintffull_nomb.o [6]       56
    "localeconv"                                      8
    "__iar_Locale_lconv_init"                         8
    "__iar_dlib_perthread_access"                     0

Uncalled function
  "rs485_uart_data_recv": 0x1f066fd9

  Maximum call chain                            *?* 928 bytes
    (** call graph contains recursive functions (example: "cJSON_Delete")
                            indirect calls (example: "MicoUartRecv") **)

    "rs485_uart_data_recv"                          568
    "sprintf"                                        24
    "_PrintfFullNoMb"                               168
    "_LdtobFullNoMb" in xprintffull_nomb.o [6]       96
    "_GenldFullNoMb" in xprintffull_nomb.o [6]       56
    "localeconv"                                      8
    "__iar_Locale_lconv_init"                         8
    "__iar_dlib_perthread_access"                     0

Uncalled function
  "EasyLinkNotify_EasyLinkCompleteHandler" in system_easylink.o [1]: 0x1f074895

  Maximum call chain                            *?* 24 bytes
    (** call graph contains indirect calls (example: "mico_rtos_lock_mutex") **)

    "EasyLinkNotify_EasyLinkCompleteHandler" in system_easylink.o [1]
                                                    16
    "__aeabi_memclr4"                                0
    "__iar_Memset4_word"                             4
    "Enter8" in ABImemset48.o [9]                    4

Uncalled function
  "EasyLinkNotify_EasyLinkGetExtraDataHandler" in system_easylink.o [1]: 0x1f074905

  Maximum call chain                            *?* 408 bytes
    (** call graph contains indirect calls (example: "_malloc") **)

    "EasyLinkNotify_EasyLinkGetExtraDataHandler" in system_easylink.o [1]
                                                     24
    "DataToHexStringWithSpaces"                      24
    "sprintf"                                        24
    "_PrintfFullNoMb"                               168
    "_LdtobFullNoMb" in xprintffull_nomb.o [6]       96
    "_GenldFullNoMb" in xprintffull_nomb.o [6]       56
    "localeconv"                                      8
    "__iar_Locale_lconv_init"                         8
    "__iar_dlib_perthread_access"                     0

Uncalled function
  "EasyLinkNotify_WifiStatusHandler" in system_easylink.o [1]: 0x1f074839

  Maximum call chain                            *?* 400 bytes
    (** call graph contains indirect calls (example: "_malloc") **)

    "EasyLinkNotify_WifiStatusHandler" in system_easylink.o [1]
                                                     16
    "_bonjour_generate_txt_record" in system_easylink.o [1]
                                                     24
    "sprintf"                                        24
    "_PrintfFullNoMb"                               168
    "_LdtobFullNoMb" in xprintffull_nomb.o [6]       96
    "_GenldFullNoMb" in xprintffull_nomb.o [6]       56
    "localeconv"                                      8
    "__iar_Locale_lconv_init"                         8
    "__iar_dlib_perthread_access"                     0

Uncalled function
  "airkiss_broadcast_thread" in system_easylink.o [1]: 0x1f074cad

  Maximum call chain                            *?* 56 bytes
    (** call graph contains indirect calls (example: "MicoSystemReboot") **)

    "airkiss_broadcast_thread" in system_easylink.o [1]
                                                    40
    "sendto"                                        16

Uncalled function
  "easylink_thread" in system_easylink.o [1]: 0x1f074a65

  Maximum call chain                            *?* 1 016 bytes
    (** call graph contains indirect calls (example: "_malloc") **)

    "easylink_thread" in system_easylink.o [1]        248
    "system_connect_wifi_normal"                      224
    "wifi_led_quick_glitter_start"                    184
    "sprintf"                                          24
    "_PrintfFullNoMb"                                 168
    "_LdtobFullNoMb" in xprintffull_nomb.o [6]         96
    "_GenldFullNoMb" in xprintffull_nomb.o [6]         56
    "localeconv"                                        8
    "__iar_Locale_lconv_init"                           8
    "__iar_dlib_perthread_access"                       0

Uncalled function
  "remove_bonjour_for_easylink" in system_easylink.o [1]: 0x1f075105

  Maximum call chain                            *?* 64 bytes
    (** call graph contains indirect calls (example: "mico_rtos_create_thread") **)

    "remove_bonjour_for_easylink" in system_easylink.o [1]
                                                     0
    "mdns_suspend_record"                           48
    "mico_rtos_create_thread"                       16

Uncalled function
[...]
rs485_sensor_device_onoffline_update_flag
                        0x1f064983   0x74  Code  Gb  devicemanager.o [1]
rs485_uartInit          0x1f066dc9   0x50  Code  Gb  rs485_uart.o [1]
rs485_uartSend          0x1f066e19   0x38  Code  Gb  rs485_uart.o [1]
rs485_uart_data_recv    0x1f066fd9   0xe8  Code  Gb  rs485_uart.o [1]
rs485_update_device_state
                        0x1f06489f   0xdc  Code  Gb  devicemanager.o [1]
rs485data_send_to_queue_parse
                        0x1f0701cd   0x4e  Code  Gb  networkserver.o [1]
rs485parseparam         0x0011c82c    0xc  Data  Lc  rs485_uart.o [1]
runTask                 0x1f071911   0x52  Code  Gb  timerctrl.o [1]
rx_buffer               0x0011c9d4   0x10  Data  Lc  user_uart.o [1]
rx_data                 0x0011c9e4  0x400  Data  Lc  user_uart.o [1]
sFileInfo               0x0011d94c   0x80  Data  Lc  XShHandles.o [6]
s_apTimerNodes          0x0011c8e4    0x4  Data  Lc  timerctrl.o [1]
s_mutexTimerNodeLst     0x0011c8f4    0x4  Data  Lc  timerctrl.o [1]
s_mutexTimerNodes       0x0011c8f0    0x4  Data  Lc  timerctrl.o [1]
s_nMaxTimerNodes        0x0011c8e0    0x4  Data  Lc  timerctrl.o [1]
s_tTimerNodeLst         0x0011c89c   0x44  Data  Lc  timerctrl.o [1]
save_scenelist_parame   0x1f065b75  0x1ae  Code  Gb  devicemanager.o [1]
scene_devlist_init      0x1f069bf3   0x76  Code  Gb  user_main.o [1]
scenectrl_flag          0x0011c850    0x1  Data  Gb  rs485sensorparse.o [1]
scenepanel_device_report_attribute_update
                        0x1f064d7f   0xba  Code  Gb  devicemanager.o [1]
seedNum                 0x0011c560    0x4  Data  Lc  mico_system_para_storage.o [1]
select                  0x1f079113   0x18  Code  Gb  mico_socket.o [1]
send                    0x1f07912b   0x10  Code  Gb  mico_socket.o [1]
sendMessageToServer     0x1f07477d   0xae  Code  Gb  Xlink_PassThroughResolve.o [1]
sendNotifySYSWillPowerOff
                        0x1f0778d9   0x16  Code  Gb  mico_system_notification.o [1]
send_ConvertFromZigbeeData2Rs485
                        0x1f06cb4b   0xc8  Code  Lc  appmainmsgqueue.o [1]
send_user_system_version
                        0x1f070d95   0xb8  Code  Gb  networkserver.o [1]
sendto                  0x1f079147   0x18  Code  Gb  mico_socket.o [1]
sensor_add_default_linkage
                        0x1f068741   0xac  Code  Lc  sensormanager.o [1]
sensor_add_ir_lightray_default_linkage
                        0x1f068571   0xb8  Code  Lc  sensormanager.o [1]
sensor_attribute_report
                        0x1f069525  0x106  Code  Gb  sensormanager.o [1]
sensor_device_reset_init
                        0x1f068515   0x5c  Code  Gb  sensormanager.o [1]
sensor_ir_delayTurnOffCb
                        0x1f06999b   0xf0  Code  Lc  user_main.o [1]
sensor_ir_timerStart    0x1f069aa7   0x24  Code  Gb  user_main.o [1]
sensor_ir_timerStop     0x1f069a91   0x16  Code  Gb  user_main.o [1]
sensor_linkage_control_device
                        0x1f064315  0x162  Code  Gb  devicemanager.o [1]
sensor_linkage_init     0x1f07196d   0x20  Code  Gb  rs485sensorparse.o [1]
sensor_linkage_turnon_light_device
                        0x1f06447d  0x1c2  Code  Gb  devicemanager.o [1]
server_tcp_send_time_out
                        0x0011d6ac    0x4  Data  Lc  xlink_demo.o [1]
setMacAddress           0x1f06973f    0x8  Code  Gb  user_main.o [1]
setOtaFileMd5Str        0x1f07393d   0x10  Code  Gb  OTAupgrade.o [1]
setTaskFlag             0x1f06e6f1   0x3a  Code  Gb  timer_task.o [1]
setTimerInterval        0x1f0718c7   0x42  Code  Gb  timerctrl.o [1]
setTimerNodeParam       0x1f071799   0x6c  Code  Gb  timerctrl.o [1]
setTimerStatus          0x1f071867   0x60  Code  Gb  timerctrl.o [1]
set_broadcast_flag      0x1f06b759    0x8  Code  Gb  xlink_demo.o [1]
setsockopt              0x1f0790cd   0x16  Code  Gb  mico_socket.o [1]
sig_func1sec            0x1f0715cd   0xb8  Code  Gb  timerctrl.o [1]
snprintf                0x1f076135   0x44  Code  Gb  snprintf.o [6]
socket                  0x1f0790c1    0xc  Code  Gb  mico_socket.o [1]
socket_connected        0x1f0778a1   0x1a  Code  Gb  mico_system_notification.o [1]
source                  0x0011c872    0x1  Data  Lc  system_easylink.o [1]
sprintbuf               0x1f0731ab   0x56  Code  Gb  printbuf.o [1]
sprintf                 0x1f06aef5   0x34  Code  Gb  sprintf.o [6]
srand                   0x1f06e909   0x20  Code  Gb  srand.o [6]
sscanf                  0x1f078ebd   0x24  Code  Gb  sscanf.o [6]
start_bonjour_service   0x1f0774d1   0xc6  Code  Lc  mico_mdns.o [1]
stdio_tx_mutex          0x0011c58c    0x4  Data  Gb  moc_main.o [1]
str2hex                 0x1f0762eb   0x6e  Code  Gb  StringUtils.o [1]
strchr                  0x1f0784f1         Code  Gb  strchr.o [9]
strdup                  0x1f073581   0x18  Code  Gb  strdup.o [6]
strlen                  0x1f06c76d         Code  Gb  strlen.o [9]
strncasecmp             0x1f07d531   0x4e  Code  Gb  strncasecmp.o [6]
strncmp                 0x1f06ad1d   0x2a  Code  Gb  strncmp.o [6]
strnicmp                0x1f0763a1   0x3c  Code  Gb  StringUtils.o [1]
strnicmp_suffix         0x1f076a37   0x2a  Code  Gb  StringUtils.o [1]
strnicmpx               0x1f0763e3   0x40  Code  Gb  StringUtils.o [1]
strnlen                 0x1f07ba39   0x16  Code  Gb  strnlen.o [6]
subdevice_clear_invalid_record
                        0x1f0642c3   0x52  Code  Gb  devicemanager.o [1]
switch_active_firmware  0x1f06d2a5    0xa  Code  Gb  moc_api.o [1]
sys_context             0x0011c564    0x4  Data  Gb  mico_system_para_storage.o [1]
system_config_mode_worker
                        0x1f06bfc5   0x1c  Code  Lc  mico_system_init.o [1]
system_connect_wifi_fast
                        0x1f06c559   0xa6  Code  Gb  system_misc.o [1]
system_connect_wifi_normal
                        0x1f06c4cb   0x8e  Code  Gb  system_misc.o [1]
system_context          0x1f06c329    0x6  Code  Gb  system_misc.o [1]
system_discovery_init   0x1f0753cd  0x1c0  Code  Gb  system_discovery.o [1]
system_easylink_start   0x1f0749e7   0x7c  Code  Gb  system_easylink.o [1]
system_lib_version      0x1f06d283    0xa  Code  Gb  moc_api.o [1]
system_monitors         0x0011c4e8   0x14  Data  Lc  mico_system_monitor.o [1]
system_network_daemen_start
                        0x1f06c5ff   0x72  Code  Gb  system_misc.o [1]
system_notification_init
                        0x1f06c47b   0x50  Code  Gb  system_misc.o [1]
targtime                0x0011d73c    0x4  Data  Gb  xlink_demo.o [1]
taskLock                0x0011c898    0x4  Data  Lc  timer_task.o [1]
tcp_m_id                0x0011ded2    0x2  Data  Gb  Xlink_PassThroughResolve.o [1]
tcp_send_sta_mutex      0x0011d6b4    0x4  Data  Lc  xlink_demo.o [1]
tcp_timer               0x0011de10    0x8  Data  Lc  xlink_tcp_client.o [4]
temptime.7741           0x0011d892    0xa  Data  Lc  xlink_process_tcp_data.o [4]
time_callback           0x1f06b833   0x62  Code  Lc  xlink_demo.o [1]
timed_event_handler     0x1f06e359   0x14  Code  Lc  mico_rtos_common.o [1]
timeoutal.7819          0x0011de18    0x8  Data  Lc  xlink_net.o [4]
timerArrayInit          0x1f069b0d   0xae  Code  Lc  user_main.o [1]
timer_control_add_request
                        0x1f067e0d  0x19a  Code  Lc  timercontrol.o [1]
timer_control_init      0x1f069bbb   0x38  Code  Gb  user_main.o [1]
timer_control_modify_request
                        0x1f067ccd  0x13a  Code  Lc  timercontrol.o [1]
timer_control_update_status_request
                        0x1f067907   0x8c  Code  Gb  timercontrol.o [1]
timer_ctrl_delete_request
                        0x1f067831   0xd0  Code  Gb  timercontrol.o [1]
timer_ctrl_modify_request
                        0x1f067993  0x19a  Code  Gb  timercontrol.o [1]
timer_ctrl_new_add_request
                        0x1f067b37  0x188  Code  Gb  timercontrol.o [1]
timer_ctrl_start_request
                        0x1f0677b3   0x78  Code  Gb  timercontrol.o [1]
timer_ctrl_stop_request
                        0x1f067731   0x7a  Code  Gb  timercontrol.o [1]
timer_head              0x0011c104    0x4  Data  Gb  mico_rtos_common.o [1]
timer_list_request      0x1f067461  0x2ae  Code  Gb  timercontrol.o [1]
timer_scene_control     0x1f06667b   0x5c  Code  Gb  timerinterexec.o [1]
timer_sem               0x0011c110    0x4  Data  Lc  mico_rtos_common.o [1]
timer_single_control    0x1f0665cf   0xac  Code  Gb  timerinterexec.o [1]
timer_thread_func       0x1f06e421   0x78  Code  Lc  mico_rtos_common.o [1]
timer_thread_wait       0x0011c10c    0x4  Data  Lc  mico_rtos_common.o [1]
timerarray              0x0011c920   0xb4  Data  Lc  user_main.o [1]
timerctrl_func_exec_start
                        0x1f071569   0x60  Code  Lc  timerctrl.o [1]
tolower                 0x1f06ea61   0x14  Code  Gb  tolower.o [6]
tskHead                 0x0011c894    0x4  Data  Gb  timer_task.o [1]
uap_stop                0x1f06d165    0xc  Code  Gb  moc_api.o [1]
uart_idle_irq_sem       0x0011c828    0x4  Data  Gb  rs485_uart.o [1]
uart_recv_thread        0x1f06cc19   0x8a  Code  Lc  appmainmsgqueue.o [1]
uart_zigbee_msg_dispatch
                        0x1f06a57d  0x434  Code  Gb  zigbeeparse.o [1]
uart_zigbee_msg_insertinto_queue
                        0x1f06a9b9   0x8c  Code  Gb  zigbeeparse.o [1]
uart_zigbee_msg_recv    0x1f06ab01   0x30  Code  Gb  zigbeeparse.o [1]
uart_zigbee_msg_recv_queue
                        0x0011d8a4    0x4  Data  Lc  zigbeeparse.o [1]
uart_zigbee_msg_recv_queue_mutex
                        0x0011d8a8    0x4  Data  Lc  zigbeeparse.o [1]
uart_zigbee_queue_init  0x1f06aae1   0x20  Code  Gb  zigbeeparse.o [1]
uart_zigbee_recv_start  0x1f06ab6d   0x84  Code  Gb  zigbeeparse.o [1]
udpPipeIndex            0x0011dedb    0x1  Data  Lc  xlink_process_udp_data.o [4]
udp_m_id                0x0011ded0    0x2  Data  Gb  Xlink_PassThroughResolve.o [1]
udp_pipe_call           0x1f06b7c3    0xc  Code  Lc  xlink_demo.o [1]
upMd5IsOk               0x0011d732    0x1  Data  Lc  xlink_demo.o [1]
updateKitchenSensorDeviceNwk
                        0x1f06831d   0xb6  Code  Gb  sensormanager.o [1]
update_device_state     0x1f064b0f   0x90  Code  Gb  devicemanager.o [1]
update_state_fd         0x0011c0f4    0x4  Data  Lc  mico_mdns.o [1]
update_state_sem        0x0011c0f0    0x4  Data  Lc  mico_mdns.o [1]
upgrade_done            0x1f0739dd   0x20  Code  Gb  OTAupgrade.o [1]
upgrade_process         0x1f0739b1   0x1a  Code  Gb  OTAupgrade.o [1]
upgrade_task            0x1f06ba11   0xac  Code  Gb  xlink_demo.o [1]
urlbuf                  0x0011d748  0x100  Data  Lc  xlink_demo.o [1]
userDataStoreInit       0x1f0672c5   0x2a  Code  Gb  user_data_store.o [1]
user_application        0x1f069c69   0x7e  Code  Gb  user_main.o [1]
user_config             0x0011d6b8   0x70  Data  Gb  xlink_demo.o [1]
user_data_store_update  0x1f0672ef   0x38  Code  Gb  user_data_store.o [1]
user_handler            0x1f064000   0x74  Data  Gb  moc_main.o [1]
user_uartInit           0x1f066c67   0x3e  Code  Gb  user_uart.o [1]
user_uartSend           0x1f066ca5   0x16  Code  Gb  user_uart.o [1]
utf8_replacement_char   0x0011c0dc    0x4  Data  Lc  json_tokener.o [1]
vasprintf               0x1f07315f   0x40  Code  Gb  printbuf.o [1]
vprintf                 0x1f078ea1   0x18  Code  Gb  vprintf.o [6]
vsnprintf               0x1f078e39   0x3c  Code  Gb  vsnprint.o [6]
vsprintf                0x1f078e75   0x2c  Code  Gb  vsprintf.o [6]
wifi_config_net_sem     0x0011c8fc    0x4  Data  Gb  user_main.o [1]
wifi_config_press_irq_cb
                        0x1f0697bf    0x8  Code  Gb  user_main.o [1]
wifi_connect_sta_mutex  0x0011d6b0    0x4  Data  Gb  xlink_demo.o [1]
wifi_key_button_press_callback
                        0x1f06977d   0x42  Code  Lc  user_main.o [1]
wifi_led_onoff          0x1f06ae51   0x3c  Code  Gb  wifi_led.o [1]
wifi_led_quick_glitter_start
                        0x1f06ae03   0x18  Code  Gb  wifi_led.o [1]
wifi_led_slow_glitter_start
                        0x1f06ade9   0x1a  Code  Gb  wifi_led.o [1]
wifi_lighten_led_color  0x1f065ef9   0x18  Code  Gb  MICOAppEntrance.o [1]
wifi_ota_glitter_start  0x1f06ae37   0x1a  Code  Gb  wifi_led.o [1]
wifi_power_down         0x1f06d141    0xc  Code  Gb  moc_api.o [1]
wifi_power_up           0x1f06d14d    0xc  Code  Gb  moc_api.o [1]
wifi_reboot_event       0x1f077909   0x16  Code  Gb  mico_system_notification.o [1]
wlan_disconnect         0x1f06d159    0xc  Code  Gb  moc_api.o [1]
wlan_driver_version     0x1f06d267    0xc  Code  Gb  moc_api.o [1]
worker_thread_main      0x1f06e2e1   0x1c  Code  Lc  mico_rtos_common.o [1]
write                   0x1f07913b    0xc  Code  Gb  mico_socket.o [1]
write_scene_info        0x1f065da7   0xa4  Code  Gb  devicemanager.o [1]
writeconfig             0x1f0741d1   0x38  Code  Lc  xlink_config.o [1]
xlinkClientReSet        0x1f080a7d   0x2c  Code  Gb  xlink_client.o [4]
xlinkConfigInit         0x1f0741b9   0x18  Code  Gb  xlink_config.o [1]
xlinkGetHostByName      0x1f0791fd   0xac  Code  Gb  xlink_net.o [4]
xlinkGetMd5             0x1f07ce25   0x48  Code  Gb  xlink_md5.o [4]
xlinkHttpLoop           0x1f073b53  0x230  Code  Lc  xlinkHttp.o [1]
xlinkHttpMd5Init        0x1f079095   0x2c  Code  Gb  xlink_md5.o [4]
xlinkHttpStartDownFile  0x1f073a2d  0x120  Code  Gb  xlinkHttp.o [1]
xlinkSendRetPWDPackage  0x1f080d25   0x74  Code  Lc  xlink_process_tcp_data.o [4]
xlinkSendRetPackage     0x1f080a3d   0x3e  Code  Lc  xlink_process_udp_data.o [4]
xlink_GetServerTime     0x1f07e545   0x7c  Code  Gb  xlink_tcp_client.o [4]
xlink_call_reboot       0x1f074779    0x4  Code  Gb  Xlink_PassThroughResolve.o [1]
xlink_config_mutex      0x0011d1f0    0x4  Data  Lc  xlink_config.o [1]
xlink_demo_init         0x1f06b7cf    0xe  Code  Gb  xlink_demo.o [1]
xlink_demo_work_init    0x1f06bacb   0xa4  Code  Lc  xlink_demo.o [1]
xlink_domain_loop       0x1f06bbfd   0xd2  Code  Gb  xlink_demo.o [1]
xlink_event             0x0011de20    0x4  Data  Lc  xlink_net.o [4]
xlink_function_thread   0x1f06bbc5   0x32  Code  Gb  xlink_demo.o [1]
xlink_net_loop          0x1f079629  0x294  Code  Gb  xlink_net.o [4]
xlink_net_loop_Domain_name
                        0x1f0798bd  0x310  Code  Gb  xlink_net.o [4]
xlink_net_setSystemTime
                        0x1f080da5   0x78  Code  Gb  xlink_system.o [4]
xlink_notify_cb         0x1f06bac9    0x2  Code  Gb  xlink_demo.o [1]
xlink_process_set_pwd   0x1f080399   0xf0  Code  Gb  xlink_process_tcp_data.o [4]
xlink_process_tcp_data  0x1f07e789  0x858  Code  Gb  xlink_process_tcp_data.o [4]
xlink_process_tcp_event_res
                        0x1f0805ad   0x70  Code  Gb  xlink_process_tcp_data.o [4]
xlink_process_tcp_notify
                        0x1f08061d   0x30  Code  Gb  xlink_process_tcp_data.o [4]
xlink_process_tcp_probe_V2
                        0x1f080489  0x124  Code  Lc  xlink_process_tcp_data.o [4]
xlink_recvDtatBufer.7737
                        0x0011dedc  0x432  Data  Lc  xlink_net.o [4]
xlink_start_flag        0x0011d890    0x1  Data  Gb  xlink_demo.o [1]
xlink_tcp_send_upgrade  0x1f074365   0xa0  Code  Gb  xlink_tcp_client.o [4]
xlinkhttpErrorCallBack_t
                        0x1f06b8e1   0x9c  Code  Gb  xlink_demo.o [1]
xlinkhttpRecvDataCallBack_t
                        0x1f06b897   0x46  Code  Gb  xlink_demo.o [1]
xlinkhttpStaCallBack_t  0x1f06b895    0x2  Code  Gb  xlink_demo.o [1]
xsdk_closeTCP           0x1f07cff5   0x58  Code  Gb  xlink_net.o [4]
xsdk_closeUDP           0x1f07cfdd   0x18  Code  Gb  xlink_net.o [4]
xsdk_config_init        0x1f0792e5  0x1fc  Code  Gb  xsdk_config.o [4]
xsdk_config_save        0x1f0744e1  0x148  Code  Gb  xsdk_config.o [4]
xsdk_flash              0x0011de24   0xac  Data  Lc  xsdk_config.o [4]
xsdk_read_config        0x1f07ce6d   0xac  Code  Gb  xsdk_config.o [4]
xsdk_tiemr_timerout     0x1f07e5d1   0x24  Code  Gb  xsdk_config.o [4]
xsdk_timer_set          0x1f07e5c1   0x10  Code  Gb  xsdk_config.o [4]
xsdk_write_config       0x1f074405   0xdc  Code  Gb  xsdk_config.o [4]
zigbee_add_sensor_device2list
                        0x1f068841  0x294  Code  Gb  sensormanager.o [1]
zigbee_airchange_delayTurnOffCb
                        0x1f0697c7   0x28  Code  Lc  user_main.o [1]
zigbee_airchange_timerStart
                        0x1f069807   0x18  Code  Gb  user_main.o [1]
zigbee_airchange_timerStop
                        0x1f0697ef   0x18  Code  Gb  user_main.o [1]
zigbee_check_ir_lightray_linakge_ctrl_condistions
                        0x1f06eb99   0x5e  Code  Gb  linkagemanager.o [1]
zigbee_check_linakge_airchange_ctrl_condistions
                        0x1f06ead9   0xba  Code  Gb  linkagemanager.o [1]
zigbee_create_net       0x1f06aa45   0x1a  Code  Gb  zigbeeparse.o [1]
zigbee_device_delete_from_net
                        0x1f06aa5f   0x38  Code  Gb  zigbeeparse.o [1]
zigbee_init             0x1f06ab39   0x18  Code  Gb  zigbeeparse.o [1]
zigbee_init_device_chnl_params
                        0x1f06516b  0x1be  Code  Gb  devicemanager.o [1]
zigbee_ir_lightray_delayTurnOffCb
                        0x1f06981f  0x106  Code  Lc  user_main.o [1]
zigbee_ir_lightray_timerStart
                        0x1f069945   0x26  Code  Gb  user_main.o [1]
zigbee_ir_lightray_timerStop
                        0x1f069925   0x18  Code  Gb  user_main.o [1]
zigbee_msg_attribute_state_report
                        0x1f069eb3   0xfe  Code  Lc  zigbeeparse.o [1]
zigbee_msg_dev_joined_request
                        0x1f069fb1   0xc0  Code  Lc  zigbeeparse.o [1]
zigbee_msg_dev_quit_joined
                        0x1f06a139   0xae  Code  Lc  zigbeeparse.o [1]
zigbee_msg_dev_request_mac_addr
                        0x1f06a285   0x98  Code  Lc  zigbeeparse.o [1]
zigbee_msg_dev_request_net_addr
                        0x1f06a1ed   0x98  Code  Lc  zigbeeparse.o [1]
zigbee_msg_device_state_resp
                        0x1f06a31d   0xbc  Code  Lc  zigbeeparse.o [1]
zigbee_msg_endpoint_state
                        0x1f06a071   0xc0  Code  Lc  zigbeeparse.o [1]
zigbee_msg_request_net_id
                        0x1f069dc1   0xf2  Code  Lc  zigbeeparse.o [1]
zigbee_msg_zcl_zdo      0x1f06a3d9  0x196  Code  Lc  zigbeeparse.o [1]
zigbee_new_device_add_report
                        0x1f065045  0x120  Code  Gb  devicemanager.o [1]
zigbee_new_device_add_report2
                        0x1f065329  0x194  Code  Gb  devicemanager.o [1]
zigbee_reset            0x1f069747   0x1a  Code  Gb  user_main.o [1]
zigbee_send_airchange_control
                        0x1f066521   0x22  Code  Gb  timerinterexec.o [1]
zigbee_send_light_single_control
                        0x1f0664ed   0x2c  Code  Gb  timerinterexec.o [1]
zigbee_send_scene_control
                        0x1f066449   0x46  Code  Gb  timerinterexec.o [1]
zigbee_sensor_linkage_control_airchange
                        0x1f0640ff   0xee  Code  Gb  devicemanager.o [1]
zigbee_sensor_linkage_param_init
                        0x1f0681f1   0x50  Code  Gb  sensormanager.o [1]
zigbee_sensor_linkage_turnon_light_device
                        0x1f0641f3   0xca  Code  Gb  devicemanager.o [1]
zigbee_sensor_new_device_add_report
                        0x1f06912d  0x3f0  Code  Gb  sensormanager.o [1]


[1] = E:\workplace\gitYonpon_Project\youpon_project\Projects\MW3xx\demo\EWARM\MK3031\Obj
[2] = command line
[3] = Lib_MFi_WAC.Cortex-M4F.IAR.release.a
[4] = Lib_xlink_app_v34700.Cortex-M4.GCC.release.a
[5] = MiCODriverMFiAuth.a
[6] = dl7M_tlf.a
[7] = libairkiss.a
[8] = m7M_tls.a
[9] = rt7M_tl.a
[10] = shb_l.a

  118 542 bytes of readonly  code memory
    6 017 bytes of readonly  data memory
    8 978 bytes of readwrite data memory

Errors: none
Warnings: 4
